Component: ARM Compiler 5.06 update 4 (build 422) Tool: armlink [4d35d2]

==============================================================================

Section Cross References

    system_mk60d10.o(i.SystemCoreClockUpdate) refers to system_mk60d10.o(.data) for SystemCoreClock
    startup_mk60d10.o(STACK) refers (Special) to heapauxi.o(.text) for __use_two_region_memory
    startup_mk60d10.o(HEAP) refers (Special) to heapauxi.o(.text) for __use_two_region_memory
    startup_mk60d10.o(RESET) refers (Special) to heapauxi.o(.text) for __use_two_region_memory
    startup_mk60d10.o(RESET) refers to startup_mk60d10.o(STACK) for __initial_sp
    startup_mk60d10.o(RESET) refers to startup_mk60d10.o(.text) for Reset_Handler
    startup_mk60d10.o(RESET) refers to common.o(i.NMI_Handler) for NMI_Handler
    startup_mk60d10.o(RESET) refers to dma.o(i.DMA0_IRQHandler) for DMA0_IRQHandler
    startup_mk60d10.o(RESET) refers to dma.o(i.DMA1_IRQHandler) for DMA1_IRQHandler
    startup_mk60d10.o(RESET) refers to dma.o(i.DMA2_IRQHandler) for DMA2_IRQHandler
    startup_mk60d10.o(RESET) refers to dma.o(i.DMA3_IRQHandler) for DMA3_IRQHandler
    startup_mk60d10.o(RESET) refers to dma.o(i.DMA4_IRQHandler) for DMA4_IRQHandler
    startup_mk60d10.o(RESET) refers to dma.o(i.DMA5_IRQHandler) for DMA5_IRQHandler
    startup_mk60d10.o(RESET) refers to dma.o(i.DMA6_IRQHandler) for DMA6_IRQHandler
    startup_mk60d10.o(RESET) refers to dma.o(i.DMA7_IRQHandler) for DMA7_IRQHandler
    startup_mk60d10.o(RESET) refers to dma.o(i.DMA8_IRQHandler) for DMA8_IRQHandler
    startup_mk60d10.o(RESET) refers to dma.o(i.DMA9_IRQHandler) for DMA9_IRQHandler
    startup_mk60d10.o(RESET) refers to dma.o(i.DMA10_IRQHandler) for DMA10_IRQHandler
    startup_mk60d10.o(RESET) refers to dma.o(i.DMA11_IRQHandler) for DMA11_IRQHandler
    startup_mk60d10.o(RESET) refers to dma.o(i.DMA12_IRQHandler) for DMA12_IRQHandler
    startup_mk60d10.o(RESET) refers to dma.o(i.DMA13_IRQHandler) for DMA13_IRQHandler
    startup_mk60d10.o(RESET) refers to dma.o(i.DMA14_IRQHandler) for DMA14_IRQHandler
    startup_mk60d10.o(RESET) refers to dma.o(i.DMA15_IRQHandler) for DMA15_IRQHandler
    startup_mk60d10.o(RESET) refers to uart.o(i.UART0_RX_TX_IRQHandler) for UART0_RX_TX_IRQHandler
    startup_mk60d10.o(RESET) refers to uart.o(i.UART1_RX_TX_IRQHandler) for UART1_RX_TX_IRQHandler
    startup_mk60d10.o(RESET) refers to uart.o(i.UART2_RX_TX_IRQHandler) for UART2_RX_TX_IRQHandler
    startup_mk60d10.o(RESET) refers to uart.o(i.UART3_RX_TX_IRQHandler) for UART3_RX_TX_IRQHandler
    startup_mk60d10.o(RESET) refers to uart.o(i.UART4_RX_TX_IRQHandler) for UART4_RX_TX_IRQHandler
    startup_mk60d10.o(RESET) refers to uart.o(i.UART5_RX_TX_IRQHandler) for UART5_RX_TX_IRQHandler
    startup_mk60d10.o(RESET) refers to adc.o(i.ADC0_IRQHandler) for ADC0_IRQHandler
    startup_mk60d10.o(RESET) refers to adc.o(i.ADC1_IRQHandler) for ADC1_IRQHandler
    startup_mk60d10.o(RESET) refers to ftm.o(i.FTM0_IRQHandler) for FTM0_IRQHandler
    startup_mk60d10.o(RESET) refers to ftm.o(i.FTM1_IRQHandler) for FTM1_IRQHandler
    startup_mk60d10.o(RESET) refers to ftm.o(i.FTM2_IRQHandler) for FTM2_IRQHandler
    startup_mk60d10.o(RESET) refers to pit.o(i.PIT0_IRQHandler) for PIT0_IRQHandler
    startup_mk60d10.o(RESET) refers to pit.o(i.PIT1_IRQHandler) for PIT1_IRQHandler
    startup_mk60d10.o(RESET) refers to pit.o(i.PIT2_IRQHandler) for PIT2_IRQHandler
    startup_mk60d10.o(RESET) refers to pit.o(i.PIT3_IRQHandler) for PIT3_IRQHandler
    startup_mk60d10.o(RESET) refers to dac.o(i.DAC0_IRQHandler) for DAC0_IRQHandler
    startup_mk60d10.o(RESET) refers to dac.o(i.DAC1_IRQHandler) for DAC1_IRQHandler
    startup_mk60d10.o(RESET) refers to lptmr.o(i.LPTimer_IRQHandler) for LPTimer_IRQHandler
    startup_mk60d10.o(RESET) refers to gpio.o(i.PORTA_IRQHandler) for PORTA_IRQHandler
    startup_mk60d10.o(RESET) refers to gpio.o(i.PORTB_IRQHandler) for PORTB_IRQHandler
    startup_mk60d10.o(RESET) refers to gpio.o(i.PORTC_IRQHandler) for PORTC_IRQHandler
    startup_mk60d10.o(RESET) refers to gpio.o(i.PORTD_IRQHandler) for PORTD_IRQHandler
    startup_mk60d10.o(RESET) refers to gpio.o(i.PORTE_IRQHandler) for PORTE_IRQHandler
    startup_mk60d10.o(.ARM.__at_0x400) refers (Special) to heapauxi.o(.text) for __use_two_region_memory
    startup_mk60d10.o(.text) refers (Special) to heapauxi.o(.text) for __use_two_region_memory
    startup_mk60d10.o(.text) refers to system_mk60d10.o(i.SystemInit) for SystemInit
    startup_mk60d10.o(.text) refers to __main.o(!!!main) for __main
    startup_mk60d10.o(.text) refers to startup_mk60d10.o(HEAP) for Heap_Mem
    startup_mk60d10.o(.text) refers to startup_mk60d10.o(STACK) for Stack_Mem
    adc.o(i.ADC0_IRQHandler) refers to adc.o(.data) for ADC_CallBackTable
    adc.o(i.ADC1_IRQHandler) refers to adc.o(.data) for ADC_CallBackTable
    adc.o(i.ADC_Calibration) refers to adc.o(.constdata) for ADC_InstanceTable
[...]
    i.GyroGet                                0x000026c4   Section        0  collectdata.o(i.GyroGet)
    i.ImgProc0                               0x000026dc   Section        0  imgproc.o(i.ImgProc0)
    ImgProc0                                 0x000026dd   Thumb Code    48  imgproc.o(i.ImgProc0)
    i.ImgProc1                               0x00002718   Section        0  imgproc.o(i.ImgProc1)
    ImgProc1                                 0x00002719   Thumb Code    50  imgproc.o(i.ImgProc1)
    i.ImgProc2                               0x00002758   Section        0  imgproc.o(i.ImgProc2)
    ImgProc2                                 0x00002759   Thumb Code    26  imgproc.o(i.ImgProc2)
    i.ImgProc3                               0x00002780   Section        0  imgproc.o(i.ImgProc3)
    ImgProc3                                 0x00002781   Thumb Code    22  imgproc.o(i.ImgProc3)
    i.ImgProcHREF                            0x0000279c   Section        0  imgproc.o(i.ImgProcHREF)
    ImgProcHREF                              0x0000279d   Thumb Code    56  imgproc.o(i.ImgProcHREF)
    i.ImgProcInit                            0x000027e0   Section        0  imgproc.o(i.ImgProcInit)
    i.ImgProcSummary                         0x0000283c   Section        0  imgproc.o(i.ImgProcSummary)
    ImgProcSummary                           0x0000283d   Thumb Code   198  imgproc.o(i.ImgProcSummary)
    i.ImgProcVSYN                            0x00002910   Section        0  imgproc.o(i.ImgProcVSYN)
    ImgProcVSYN                              0x00002911   Thumb Code    36  imgproc.o(i.ImgProcVSYN)
    i.InRange                                0x00002944   Section        0  patternmatch.o(i.InRange)
    InRange                                  0x00002945   Thumb Code    18  patternmatch.o(i.InRange)
    i.IsCrossRoad                            0x00002958   Section        0  patternmatch.o(i.IsCrossRoad)
    IsCrossRoad                              0x00002959   Thumb Code    46  patternmatch.o(i.IsCrossRoad)
    i.IsRing                                 0x0000298c   Section        0  patternmatch.o(i.IsRing)
    IsRing                                   0x0000298d   Thumb Code   228  patternmatch.o(i.IsRing)
    i.IsRingEnd                              0x00002a7c   Section        0  patternmatch.o(i.IsRingEnd)
    IsRingEnd                                0x00002a7d   Thumb Code   170  patternmatch.o(i.IsRingEnd)
    i.KalmanFilter                           0x00002b3c   Section        0  angle.o(i.KalmanFilter)
    KalmanFilter                             0x00002b3d   Thumb Code   628  angle.o(i.KalmanFilter)
    i.LPTimer_IRQHandler                     0x00002ddc   Section        0  lptmr.o(i.LPTimer_IRQHandler)
    i.LeftBorderSearchFrom                   0x00002e00   Section        0  bordersearchrelative.o(i.LeftBorderSearchFrom)
    i.LeftCurveCompensate                    0x00002e5c   Section        0  patternmatch.o(i.LeftCurveCompensate)
    i.MainInit                               0x00002eb0   Section        0  mainproc.o(i.MainInit)
    i.MainProc                               0x00002f04   Section        0  mainproc.o(i.MainProc)
    MainProc                                 0x00002f05   Thumb Code   234  mainproc.o(i.MainProc)
    i.MiddleLineUpdate                       0x00003038   Section        0  bordersearchrelative.o(i.MiddleLineUpdate)
    i.MiddleLineUpdateAll                    0x000030a0   Section        0  bordersearchrelative.o(i.MiddleLineUpdateAll)
    i.Mode0                                  0x000030b4   Section        0  velocity.o(i.Mode0)
    i.Mode1                                  0x000030dc   Section        0  velocity.o(i.Mode1)
    i.Mode2                                  0x00003104   Section        0  velocity.o(i.Mode2)
    i.Mode3                                  0x0000312c   Section        0  velocity.o(i.Mode3)
    i.Mode4                                  0x00003154   Section        0  velocity.o(i.Mode4)
    i.MotorInit                              0x0000317c   Section        0  motor.o(i.MotorInit)
    i.MotorOut                               0x000031c8   Section        0  motor.o(i.MotorOut)
    i.NMI_Handler                            0x00003258   Section        0  common.o(i.NMI_Handler)
    i.NMI_isr                                0x00003260   Section        0  common.o(i.NMI_isr)
    i.NVICInit                               0x00003264   Section        0  mainproc.o(i.NVICInit)
    NVICInit                                 0x00003265   Thumb Code    90  mainproc.o(i.NVICInit)
    i.NVIC_EnableIRQ                         0x000032c8   Section        0  gpio.o(i.NVIC_EnableIRQ)
    NVIC_EnableIRQ                           0x000032c9   Thumb Code    22  gpio.o(i.NVIC_EnableIRQ)
    i.NVIC_EncodePriority                    0x000032de   Section        0  mainproc.o(i.NVIC_EncodePriority)
    NVIC_EncodePriority                      0x000032df   Thumb Code    64  mainproc.o(i.NVIC_EncodePriority)
    i.NVIC_SetPriority                       0x00003320   Section        0  mainproc.o(i.NVIC_SetPriority)
    NVIC_SetPriority                         0x00003321   Thumb Code    32  mainproc.o(i.NVIC_SetPriority)
    i.OLED_BufToPanel                        0x00003348   Section        0  oledbase.o(i.OLED_BufToPanel)
    OLED_BufToPanel                          0x00003349   Thumb Code    62  oledbase.o(i.OLED_BufToPanel)
    i.OLED_ClrScr                            0x0000338c   Section        0  oledbase.o(i.OLED_ClrScr)
    i.OLED_DLY_ms                            0x000033c8   Section        0  oledbase.o(i.OLED_DLY_ms)
    i.OLED_EndDraw                           0x000033e0   Section        0  oledbase.o(i.OLED_EndDraw)
    i.OLED_Fill                              0x000033f4   Section        0  oledbase.o(i.OLED_Fill)
    i.OLED_Init                              0x00003430   Section        0  oledbase.o(i.OLED_Init)
    i.OLED_PutPixel                          0x00003574   Section        0  oledbase.o(i.OLED_PutPixel)
    i.OLED_Set_Pos                           0x00003628   Section        0  oledbase.o(i.OLED_Set_Pos)
    i.OLED_StartDraw                         0x00003650   Section        0  oledbase.o(i.OLED_StartDraw)
    i.OLED_WrCmd                             0x0000365c   Section        0  oledbase.o(i.OLED_WrCmd)
    i.OLED_WrDat                             0x000036d8   Section        0  oledbase.o(i.OLED_WrDat)
    i.Oled_Init_n                            0x00003754   Section        0  oled.o(i.Oled_Init_n)
    i.Oled_PrintfPhoto1                      0x0000376c   Section        0  oled.o(i.Oled_PrintfPhoto1)
    i.OpstSign                               0x000037dc   Section        0  patternmatch.o(i.OpstSign)
    OpstSign                                 0x000037dd   Thumb Code    22  patternmatch.o(i.OpstSign)
    i.OutOfRoadJudge                         0x000037f4   Section        0  patternmatch.o(i.OutOfRoadJudge)
    i.PIT0_IRQHandler                        0x00003840   Section        0  pit.o(i.PIT0_IRQHandler)
    i.PIT1_IRQHandler                        0x0000384a   Section        0  pit.o(i.PIT1_IRQHandler)
    i.PIT2_IRQHandler                        0x00003854   Section        0  pit.o(i.PIT2_IRQHandler)
    i.PIT3_IRQHandler                        0x0000385e   Section        0  pit.o(i.PIT3_IRQHandler)
    i.PIT_CallbackInstall                    0x00003868   Section        0  pit.o(i.PIT_CallbackInstall)
    i.PIT_IRQHandler                         0x00003888   Section        0  pit.o(i.PIT_IRQHandler)
    PIT_IRQHandler                           0x00003889   Thumb Code    42  pit.o(i.PIT_IRQHandler)
    i.PIT_ITDMAConfig                        0x000038bc   Section        0  pit.o(i.PIT_ITDMAConfig)
    i.PIT_Init                               0x0000393c   Section        0  pit.o(i.PIT_Init)
    i.PIT_QuickInit                          0x000039b0   Section        0  pit.o(i.PIT_QuickInit)
    i.PORTA_IRQHandler                       0x000039c4   Section        0  gpio.o(i.PORTA_IRQHandler)
    i.PORTB_IRQHandler                       0x000039ce   Section        0  gpio.o(i.PORTB_IRQHandler)
    i.PORTC_IRQHandler                       0x000039d8   Section        0  gpio.o(i.PORTC_IRQHandler)
    i.PORTD_IRQHandler                       0x000039e2   Section        0  gpio.o(i.PORTD_IRQHandler)
    i.PORTE_IRQHandler                       0x000039ec   Section        0  gpio.o(i.PORTE_IRQHandler)
    i.PORT_IRQHandler                        0x000039f8   Section        0  gpio.o(i.PORT_IRQHandler)
    PORT_IRQHandler                          0x000039f9   Thumb Code    48  gpio.o(i.PORT_IRQHandler)
    i.PORT_PinMuxConfig                      0x00003a30   Section        0  gpio.o(i.PORT_PinMuxConfig)
    i.PORT_PinOpenDrainConfig                0x00003a88   Section        0  gpio.o(i.PORT_PinOpenDrainConfig)
    i.PORT_PinPullConfig                     0x00003adc   Section        0  gpio.o(i.PORT_PinPullConfig)
    i.RightBorderSearchFrom                  0x00003b8c   Section        0  bordersearchrelative.o(i.RightBorderSearchFrom)
    i.RightCurveCompensate                   0x00003bec   Section        0  patternmatch.o(i.RightCurveCompensate)
    i.StartLineJudge                         0x00003c48   Section        0  patternmatch.o(i.StartLineJudge)
    i.StraightLineJudge                      0x00003cb0   Section        0  patternmatch.o(i.StraightLineJudge)
    i.SystemCoreClockUpdate                  0x00003ce4   Section        0  system_mk60d10.o(i.SystemCoreClockUpdate)
    i.SystemInit                             0x00003e3c   Section        0  system_mk60d10.o(i.SystemInit)
    i.TimerInit                              0x00003f14   Section        0  mainproc.o(i.TimerInit)
    TimerInit                                0x00003f15   Thumb Code    32  mainproc.o(i.TimerInit)
    i.UART0_RX_TX_IRQHandler                 0x00003f38   Section        0  uart.o(i.UART0_RX_TX_IRQHandler)
    i.UART1_RX_TX_IRQHandler                 0x00003f42   Section        0  uart.o(i.UART1_RX_TX_IRQHandler)
    i.UART2_RX_TX_IRQHandler                 0x00003f4c   Section        0  uart.o(i.UART2_RX_TX_IRQHandler)
    i.UART3_RX_TX_IRQHandler                 0x00003f56   Section        0  uart.o(i.UART3_RX_TX_IRQHandler)
    i.UART4_RX_TX_IRQHandler                 0x00003f60   Section        0  uart.o(i.UART4_RX_TX_IRQHandler)
    i.UART5_RX_TX_IRQHandler                 0x00003f6a   Section        0  uart.o(i.UART5_RX_TX_IRQHandler)
    i.UART_EnableRxFIFO                      0x00003f74   Section        0  uart.o(i.UART_EnableRxFIFO)
    i.UART_EnableTxFIFO                      0x00003fa8   Section        0  uart.o(i.UART_EnableTxFIFO)
    i.UART_IRQ_Handler                       0x00003fdc   Section        0  uart.o(i.UART_IRQ_Handler)
    UART_IRQ_Handler                         0x00003fdd   Thumb Code   190  uart.o(i.UART_IRQ_Handler)
    i.UART_Init                              0x000040a8   Section        0  uart.o(i.UART_Init)
    i.UART_QuickInit                         0x00004384   Section        0  uart.o(i.UART_QuickInit)
    i.VelocityPID                            0x000043f4   Section        0  velocity.o(i.VelocityPID)
    i.VelocityProc                           0x000044c4   Section        0  velocity.o(i.VelocityProc)
    i.WhichBarrier                           0x0000452c   Section        0  patternmatch.o(i.WhichBarrier)
    WhichBarrier                             0x0000452d   Thumb Code   260  patternmatch.o(i.WhichBarrier)
    i.WhichCurve                             0x00004640   Section        0  patternmatch.o(i.WhichCurve)
    WhichCurve                               0x00004641   Thumb Code   196  patternmatch.o(i.WhichCurve)
    i._FTM_InitBasic                         0x00004710   Section        0  ftm.o(i._FTM_InitBasic)
    _FTM_InitBasic                           0x00004711   Thumb Code   110  ftm.o(i._FTM_InitBasic)
    i.get_chl_pair_index                     0x00004788   Section        0  ftm.o(i.get_chl_pair_index)
    get_chl_pair_index                       0x00004789   Thumb Code    40  ftm.o(i.get_chl_pair_index)
    i.main                                   0x000047b0   Section        0  main.o(i.main)
    x$fpl$d2f                                0x000047c4   Section       98  d2f.o(x$fpl$d2f)
    x$fpl$dadd                               0x00004828   Section      336  daddsub_clz.o(x$fpl$dadd)
    _dadd1                                   0x00004839   Thumb Code     0  daddsub_clz.o(x$fpl$dadd)
    x$fpl$dflt                               0x00004978   Section       46  dflt_clz.o(x$fpl$dflt)
    x$fpl$dmul                               0x000049a8   Section      340  dmul.o(x$fpl$dmul)
    x$fpl$dnaninf                            0x00004afc   Section      156  dnaninf.o(x$fpl$dnaninf)
    x$fpl$dretinf                            0x00004b98   Section       12  dretinf.o(x$fpl$dretinf)
    x$fpl$drsb                               0x00004ba4   Section       22  daddsub_clz.o(x$fpl$drsb)
    x$fpl$dsub                               0x00004bbc   Section      468  daddsub_clz.o(x$fpl$dsub)
    _dsub1                                   0x00004bcd   Thumb Code     0  daddsub_clz.o(x$fpl$dsub)
    x$fpl$f2d                                0x00004d90   Section       86  f2d.o(x$fpl$f2d)
    x$fpl$fadd                               0x00004de8   Section      196  faddsub_clz.o(x$fpl$fadd)
    _fadd1                                   0x00004df7   Thumb Code     0  faddsub_clz.o(x$fpl$fadd)
    x$fpl$fcmpinf                            0x00004eac   Section       24  fcmpi.o(x$fpl$fcmpinf)
    x$fpl$fdiv                               0x00004ec4   Section      388  fdiv.o(x$fpl$fdiv)
    _fdiv1                                   0x00004ec5   Thumb Code     0  fdiv.o(x$fpl$fdiv)
    x$fpl$ffix                               0x00005048   Section       54  ffix.o(x$fpl$ffix)
    x$fpl$fflt                               0x00005080   Section       48  fflt_clz.o(x$fpl$fflt)
    x$fpl$fleqf                              0x000050b0   Section      104  fleqf.o(x$fpl$fleqf)
    x$fpl$fmul                               0x00005118   Section      258  fmul.o(x$fpl$fmul)
    x$fpl$fnaninf                            0x0000521a   Section      140  fnaninf.o(x$fpl$fnaninf)
    x$fpl$fretinf                            0x000052a6   Section       10  fretinf.o(x$fpl$fretinf)
    x$fpl$frleqf                             0x000052b0   Section       98  frleqf.o(x$fpl$frleqf)
    x$fpl$frsb                               0x00005312   Section       20  faddsub_clz.o(x$fpl$frsb)
    x$fpl$fsub                               0x00005328   Section      234  faddsub_clz.o(x$fpl$fsub)
    _fsub1                                   0x00005337   Thumb Code     0  faddsub_clz.o(x$fpl$fsub)
    x$fpl$usenofp                            0x00005412   Section        0  usenofp.o(x$fpl$usenofp)
    .constdata                               0x00005414   Section       34  adc.o(.constdata)
    ADC_InstanceTable                        0x00005414   Data           8  adc.o(.constdata)
    SIM_ADCClockGateTable                    0x0000541c   Data          24  adc.o(.constdata)
    ADC_IRQnTable                            0x00005434   Data           2  adc.o(.constdata)
    .constdata                               0x00005438   Section       63  ftm.o(.constdata)
    FTM_InstanceTable                        0x00005438   Data          12  ftm.o(.constdata)
    FTM_ChlMaxTable                          0x00005444   Data          12  ftm.o(.constdata)
    SIM_FTMClockGateTable                    0x00005450   Data          36  ftm.o(.constdata)
    FTM_IRQnTable                            0x00005474   Data           3  ftm.o(.constdata)
    .constdata                               0x00005478   Section       65  gpio.o(.constdata)
    GPIO_InstanceTable                       0x00005478   Data          20  gpio.o(.constdata)
    PORT_InstanceTable                       0x0000548c   Data          20  gpio.o(.constdata)
    SIM_GPIOClockGateTable                   0x000054a0   Data          20  gpio.o(.constdata)
    GPIO_IRQnTable                           0x000054b4   Data           5  gpio.o(.constdata)
    .constdata                               0x000054b9   Section        4  pit.o(.constdata)
    PIT_IRQnTable                            0x000054b9   Data           4  pit.o(.constdata)
    .constdata                               0x000054c0   Section      132  uart.o(.constdata)
    UARTBase                                 0x000054c0   Data          24  uart.o(.constdata)
    ClkTbl                                   0x000054d8   Data          72  uart.o(.constdata)
    UART_IRQnTable                           0x00005520   Data           6  uart.o(.constdata)
    UART_TIFOSizeTable                       0x00005528   Data          28  uart.o(.constdata)
    .constdata                               0x00005544   Section       10  dac.o(.constdata)
    DAC_InstanceTable                        0x00005544   Data           8  dac.o(.constdata)
    DAC_IRQnTable                            0x0000554c   Data           2  dac.o(.constdata)
    .conststring                             0x00005550   Section       17  uart.o(.conststring)
    .data                                    0x20000000   Section        4  system_mk60d10.o(.data)
    .data                                    0x20000004   Section        8  adc.o(.data)
    ADC_CallBackTable                        0x20000004   Data           8  adc.o(.data)
    .data                                    0x2000000c   Section        4  pit.o(.data)
    fac_us                                   0x2000000c   Data           4  pit.o(.data)
    .data                                    0x20000010   Section       17  uart.o(.data)
    UART_DebugInstance                       0x20000010   Data           1  uart.o(.data)
    ntab                                     0x2000001c   Data           4  uart.o(.data)
    is_fitst_init                            0x20000020   Data           1  uart.o(.data)
    .data                                    0x20000024   Section        8  dac.o(.data)
    DAC_CallBackTable                        0x20000024   Data           8  dac.o(.data)
    .data                                    0x2000002c   Section        4  lptmr.o(.data)
    LPTMR_CallBackTable                      0x2000002c   Data           4  lptmr.o(.data)
    .data                                    0x20000030   Section       24  imgproc.o(.data)
    imgBufRow                                0x20000033   Data           1  imgproc.o(.data)
    imgRealRow                               0x20000034   Data           1  imgproc.o(.data)
    searchForBordersStartIndex               0x20000036   Data           2  imgproc.o(.data)
    imgProc                                  0x20000038   Data          16  imgproc.o(.data)
    .data                                    0x20000048   Section       33  mainproc.o(.data)
    time                                     0x20000064   Data           4  mainproc.o(.data)
    cnt                                      0x20000068   Data           1  mainproc.o(.data)
    .data                                    0x2000006c   Section       18  patternmatch.o(.data)
    black_pt_row                             0x2000007a   Data           2  patternmatch.o(.data)
    last_not_found_border_row                0x2000007c   Data           2  patternmatch.o(.data)
    .data                                    0x20000080   Section       60  angle.o(.data)
    angle_kalman                             0x200000a4   Data           4  angle.o(.data)
    Pk                                       0x200000a8   Data          16  angle.o(.data)
    Kal_Gyro_Zero                            0x200000b8   Data           4  angle.o(.data)
    .data                                    0x200000bc   Section        8  collectdata.o(.data)
    Gyro_Zero                                0x200000bc   Data           4  collectdata.o(.data)
    DirGyro_Zero                             0x200000c0   Data           4  collectdata.o(.data)
    .data                                    0x200000c4   Section       24  direction.o(.data)
    count                                    0x200000d0   Data           1  direction.o(.data)
    DC_Out_Old                               0x200000d4   Data           4  direction.o(.data)
    DC_Out_New                               0x200000d8   Data           4  direction.o(.data)
    .data                                    0x200000dc   Section       32  velocity.o(.data)
    lastError                                0x200000e4   Data           4  velocity.o(.data)
    prevError                                0x200000e8   Data           4  velocity.o(.data)
    incpid                                   0x200000ec   Data           4  velocity.o(.data)
    count                                    0x200000f0   Data           1  velocity.o(.data)
    VC_Out_Old                               0x200000f4   Data           4  velocity.o(.data)
    VC_Out_New                               0x200000f8   Data           4  velocity.o(.data)
    .data                                    0x200000fc   Section       18  oledbase.o(.data)
    s_ucUpdateEn                             0x200000fc   Data           1  oledbase.o(.data)
    .bss                                     0x20000110   Section       12  ftm.o(.bss)
    FTM_CallBackTable                        0x20000110   Data          12  ftm.o(.bss)
    .bss                                     0x2000011c   Section       20  gpio.o(.bss)
    GPIO_CallBackTable                       0x2000011c   Data          20  gpio.o(.bss)
    .bss                                     0x20000130   Section       16  pit.o(.bss)
    PIT_CallBackTable                        0x20000130   Data          16  pit.o(.bss)
    .bss                                     0x20000140   Section       48  uart.o(.bss)
    UART_CallBackTxTable                     0x20000140   Data          24  uart.o(.bss)
    UART_CallBackRxTable                     0x20000158   Data          24  uart.o(.bss)
    .bss                                     0x20000170   Section       64  dma.o(.bss)
    DMA_CallBackTable                        0x20000170   Data          64  dma.o(.bss)
    .bss                                     0x200001b0   Section    12456  imgproc.o(.bss)
    .bss                                     0x20003258   Section       16  velocity.o(.bss)
    .bss                                     0x20003268   Section     1024  oledbase.o(.bss)
    s_ucGRAM                                 0x20003268   Data        1024  oledbase.o(.bss)
    .bss                                     0x20003668   Section       96  libspace.o(.bss)
    HEAP                                     0x200036c8   Section     1024  startup_mk60d10.o(HEAP)
    Heap_Mem                                 0x200036c8   Data        1024  startup_mk60d10.o(HEAP)
    STACK                                    0x20003ac8   Section     4096  startup_mk60d10.o(STACK)
    Stack_Mem                                0x20003ac8   Data        4096  startup_mk60d10.o(STACK)
    __initial_sp                             0x20004ac8   Data           0  startup_mk60d10.o(STACK)

    Global Symbols

    Symbol Name                              Value     Ov Type        Size  Object(Section)

    BuildAttributes$$THM_ISAv4$E$P$D$K$B$S$7EM$PE$A:L22UL41UL21$X:L11$S22US41US21$IEEE1$IW$USESV6$~STKCKD$USESV7$~SHL$OSPACE$ROPI$EBA8$UX$STANDARDLIB$REQ8$PRES8$EABIv2 0x00000000   Number         0  anon$$obj.o ABSOLUTE
    __ARM_use_no_argv                        0x00000000   Number         0  main.o ABSOLUTE
    __Vectors                                0x00000000   Data           4  startup_mk60d10.o(RESET)
    __ARM_exceptions_init                     - Undefined Weak Reference
    __alloca_initialize                       - Undefined Weak Reference
    __arm_preinit_                            - Undefined Weak Reference
    __cpp_initialize__aeabi_                  - Undefined Weak Reference
    __cxa_finalize                            - Undefined Weak Reference
    __rt_locale                               - Undefined Weak Reference
    __sigvec_lookup                           - Undefined Weak Reference
    _atexit_init                              - Undefined Weak Reference
    _call_atexit_fns                          - Undefined Weak Reference
    _clock_init                               - Undefined Weak Reference
    _fp_trap_init                             - Undefined Weak Reference
    _fp_trap_shutdown                         - Undefined Weak Reference
    _get_lc_collate                           - Undefined Weak Reference
    _get_lc_ctype                             - Undefined Weak Reference
    _get_lc_monetary                          - Undefined Weak Reference
    _get_lc_numeric                           - Undefined Weak Reference
    _get_lc_time                              - Undefined Weak Reference
    _getenv_init                              - Undefined Weak Reference
    _handle_redirection                       - Undefined Weak Reference
    _init_alloc                               - Undefined Weak Reference
    _init_user_alloc                          - Undefined Weak Reference
    _initio                                   - Undefined Weak Reference
    _rand_init                                - Undefined Weak Reference
    _signal_finish                            - Undefined Weak Reference
    _signal_init                              - Undefined Weak Reference
    _terminate_alloc                          - Undefined Weak Reference
    _terminate_user_alloc                     - Undefined Weak Reference
    _terminateio                              - Undefined Weak Reference
    __Vectors_End                            0x00000400   Data           0  startup_mk60d10.o(RESET)
    __Vectors_Size                           0x00000400   Number         0  startup_mk60d10.o ABSOLUTE
    __main                                   0x00000411   Thumb Code     8  __main.o(!!!main)
    __scatterload                            0x00000419   Thumb Code     0  __scatter.o(!!!scatter)
    __scatterload_rt2                        0x00000419   Thumb Code    44  __scatter.o(!!!scatter)
    __scatterload_rt2_thumb_only             0x00000419   Thumb Code     0  __scatter.o(!!!scatter)
    __scatterload_null                       0x00000427   Thumb Code     0  __scatter.o(!!!scatter)
    __scatterload_copy                       0x0000044d   Thumb Code    26  __scatter_copy.o(!!handler_copy)
    __scatterload_zeroinit                   0x00000469   Thumb Code    28  __scatter_zi.o(!!handler_zi)
    __rt_lib_init                            0x00000485   Thumb Code     0  libinit.o(.ARM.Collect$$libinit$$00000000)
    __rt_lib_init_alloca_1                   0x00000487   Thumb Code     0  libinit2.o(.ARM.Collect$$libinit$$0000002E)
    __rt_lib_init_argv_1                     0x00000487   Thumb Code     0  libinit2.o(.ARM.Collect$$libinit$$0000002C)
    __rt_lib_init_atexit_1                   0x00000487   Thumb Code     0  libinit2.o(.ARM.Collect$$libinit$$0000001B)
    __rt_lib_init_clock_1                    0x00000487   Thumb Code     0  libinit2.o(.ARM.Collect$$libinit$$00000021)
    __rt_lib_init_cpp_1                      0x00000487   Thumb Code     0  libinit2.o(.ARM.Collect$$libinit$$00000032)
    __rt_lib_init_exceptions_1               0x00000487   Thumb Code     0  libinit2.o(.ARM.Collect$$libinit$$00000030)
    __rt_lib_init_fp_1                       0x00000487   Thumb Code     0  libinit2.o(.ARM.Collect$$libinit$$00000002)
    __rt_lib_init_fp_trap_1                  0x00000487   Thumb Code     0  libinit2.o(.ARM.Collect$$libinit$$0000001F)
    __rt_lib_init_getenv_1                   0x00000487   Thumb Code     0  libinit2.o(.ARM.Collect$$libinit$$00000023)
    __rt_lib_init_heap_1                     0x00000487   Thumb Code     0  libinit2.o(.ARM.Collect$$libinit$$0000000A)
    __rt_lib_init_lc_collate_1               0x00000487   Thumb Code     0  libinit2.o(.ARM.Collect$$libinit$$00000011)
    __rt_lib_init_lc_ctype_1                 0x00000487   Thumb Code     0  libinit2.o(.ARM.Collect$$libinit$$00000013)
    __rt_lib_init_lc_monetary_1              0x00000487   Thumb Code     0  libinit2.o(.ARM.Collect$$libinit$$00000015)
    __rt_lib_init_lc_numeric_1               0x00000487   Thumb Code     0  libinit2.o(.ARM.Collect$$libinit$$00000017)
    __rt_lib_init_lc_time_1                  0x00000487   Thumb Code     0  libinit2.o(.ARM.Collect$$libinit$$00000019)
    __rt_lib_init_preinit_1                  0x00000487   Thumb Code     0  libinit2.o(.ARM.Collect$$libinit$$00000004)
    __rt_lib_init_rand_1                     0x00000487   Thumb Code     0  libinit2.o(.ARM.Collect$$libinit$$0000000E)
    __rt_lib_init_return                     0x00000487   Thumb Code     0  libinit2.o(.ARM.Collect$$libinit$$00000033)
    __rt_lib_init_signal_1                   0x00000487   Thumb Code     0  libinit2.o(.ARM.Collect$$libinit$$0000001D)
    __rt_lib_init_stdio_1                    0x00000487   Thumb Code     0  libinit2.o(.ARM.Collect$$libinit$$00000025)
    __rt_lib_init_user_alloc_1               0x00000487   Thumb Code     0  libinit2.o(.ARM.Collect$$libinit$$0000000C)
    __rt_lib_shutdown                        0x00000489   Thumb Code     0  libshutdown.o(.ARM.Collect$$libshutdown$$00000000)
    __rt_lib_shutdown_cpp_1                  0x0000048b   Thumb Code     0  libshutdown2.o(.ARM.Collect$$libshutdown$$00000002)
    __rt_lib_shutdown_fp_trap_1              0x0000048b   Thumb Code     0  libshutdown2.o(.ARM.Collect$$libshutdown$$00000007)
    __rt_lib_shutdown_heap_1                 0x0000048b   Thumb Code     0  libshutdown2.o(.ARM.Collect$$libshutdown$$0000000F)
    __rt_lib_shutdown_return                 0x0000048b   Thumb Code     0  libshutdown2.o(.ARM.Collect$$libshutdown$$00000010)
    __rt_lib_shutdown_signal_1               0x0000048b   Thumb Code     0  libshutdown2.o(.ARM.Collect$$libshutdown$$0000000A)
    __rt_lib_shutdown_stdio_1                0x0000048b   Thumb Code     0  libshutdown2.o(.ARM.Collect$$libshutdown$$00000004)
    __rt_lib_shutdown_user_alloc_1           0x0000048b   Thumb Code     0  libshutdown2.o(.ARM.Collect$$libshutdown$$0000000C)
    __rt_entry                               0x0000048d   Thumb Code     0  __rtentry.o(.ARM.Collect$$rtentry$$00000000)
    __rt_entry_presh_1                       0x0000048d   Thumb Code     0  __rtentry2.o(.ARM.Collect$$rtentry$$00000002)
    __rt_entry_sh                            0x0000048d   Thumb Code     0  __rtentry4.o(.ARM.Collect$$rtentry$$00000004)
    __rt_entry_li                            0x00000493   Thumb Code     0  __rtentry2.o(.ARM.Collect$$rtentry$$0000000A)
    __rt_entry_postsh_1                      0x00000493   Thumb Code     0  __rtentry2.o(.ARM.Collect$$rtentry$$00000009)
    __rt_entry_main                          0x00000497   Thumb Code     0  __rtentry2.o(.ARM.Collect$$rtentry$$0000000D)
    __rt_entry_postli_1                      0x00000497   Thumb Code     0  __rtentry2.o(.ARM.Collect$$rtentry$$0000000C)
    __rt_exit                                0x0000049f   Thumb Code     0  rtexit.o(.ARM.Collect$$rtexit$$00000000)
    __rt_exit_ls                             0x000004a1   Thumb Code     0  rtexit2.o(.ARM.Collect$$rtexit$$00000003)
    __rt_exit_prels_1                        0x000004a1   Thumb Code     0  rtexit2.o(.ARM.Collect$$rtexit$$00000002)
    __rt_exit_exit                           0x000004a5   Thumb Code     0  rtexit2.o(.ARM.Collect$$rtexit$$00000004)
    Reset_Handler                            0x000004ad   Thumb Code     8  startup_mk60d10.o(.text)
    HardFault_Handler                        0x000004b7   Thumb Code     2  startup_mk60d10.o(.text)
    MemManage_Handler                        0x000004b9   Thumb Code     2  startup_mk60d10.o(.text)
    BusFault_Handler                         0x000004bb   Thumb Code     2  startup_mk60d10.o(.text)
    UsageFault_Handler                       0x000004bd   Thumb Code     2  startup_mk60d10.o(.text)
    SVC_Handler                              0x000004bf   Thumb Code     2  startup_mk60d10.o(.text)
    DebugMon_Handler                         0x000004c1   Thumb Code     2  startup_mk60d10.o(.text)
    PendSV_Handler                           0x000004c3   Thumb Code     2  startup_mk60d10.o(.text)
    SysTick_Handler                          0x000004c5   Thumb Code     2  startup_mk60d10.o(.text)
    CAN0_Bus_Off_IRQHandler                  0x000004c7   Thumb Code     0  startup_mk60d10.o(.text)
    CAN0_Error_IRQHandler                    0x000004c7   Thumb Code     0  startup_mk60d10.o(.text)
    CAN0_ORed_Message_buffer_IRQHandler      0x000004c7   Thumb Code     0  startup_mk60d10.o(.text)
    CAN0_Rx_Warning_IRQHandler               0x000004c7   Thumb Code     0  startup_mk60d10.o(.text)
    CAN0_Tx_Warning_IRQHandler               0x000004c7   Thumb Code     0  startup_mk60d10.o(.text)
    CAN0_Wake_Up_IRQHandler                  0x000004c7   Thumb Code     0  startup_mk60d10.o(.text)
    CAN1_Bus_Off_IRQHandler                  0x000004c7   Thumb Code     0  startup_mk60d10.o(.text)
    CAN1_Error_IRQHandler                    0x000004c7   Thumb Code     0  startup_mk60d10.o(.text)
    CAN1_ORed_Message_buffer_IRQHandler      0x000004c7   Thumb Code     0  startup_mk60d10.o(.text)
    CAN1_Rx_Warning_IRQHandler               0x000004c7   Thumb Code     0  startup_mk60d10.o(.text)
    CAN1_Tx_Warning_IRQHandler               0x000004c7   Thumb Code     0  startup_mk60d10.o(.text)
    CAN1_Wake_Up_IRQHandler                  0x000004c7   Thumb Code     0  startup_mk60d10.o(.text)
    CMP0_IRQHandler                          0x000004c7   Thumb Code     0  startup_mk60d10.o(.text)
    CMP1_IRQHandler                          0x000004c7   Thumb Code     0  startup_mk60d10.o(.text)
    CMP2_IRQHandler                          0x000004c7   Thumb Code     0  startup_mk60d10.o(.text)
    CMT_IRQHandler                           0x000004c7   Thumb Code     0  startup_mk60d10.o(.text)
    DMA_Error_IRQHandler                     0x000004c7   Thumb Code     0  startup_mk60d10.o(.text)
    DefaultISR                               0x000004c7   Thumb Code     0  startup_mk60d10.o(.text)
    ENET_1588_Timer_IRQHandler               0x000004c7   Thumb Code     0  startup_mk60d10.o(.text)
    ENET_Error_IRQHandler                    0x000004c7   Thumb Code     0  startup_mk60d10.o(.text)
    ENET_Receive_IRQHandler                  0x000004c7   Thumb Code     0  startup_mk60d10.o(.text)
    ENET_Transmit_IRQHandler                 0x000004c7   Thumb Code     0  startup_mk60d10.o(.text)
    FTFL_IRQHandler                          0x000004c7   Thumb Code     0  startup_mk60d10.o(.text)
    I2C0_IRQHandler                          0x000004c7   Thumb Code     0  startup_mk60d10.o(.text)
    I2C1_IRQHandler                          0x000004c7   Thumb Code     0  startup_mk60d10.o(.text)
    I2S0_Rx_IRQHandler                       0x000004c7   Thumb Code     0  startup_mk60d10.o(.text)
    I2S0_Tx_IRQHandler                       0x000004c7   Thumb Code     0  startup_mk60d10.o(.text)
    LLW_IRQHandler                           0x000004c7   Thumb Code     0  startup_mk60d10.o(.text)
    LVD_LVW_IRQHandler                       0x000004c7   Thumb Code     0  startup_mk60d10.o(.text)
    MCG_IRQHandler                           0x000004c7   Thumb Code     0  startup_mk60d10.o(.text)
    MCM_IRQHandler                           0x000004c7   Thumb Code     0  startup_mk60d10.o(.text)
    PDB0_IRQHandler                          0x000004c7   Thumb Code     0  startup_mk60d10.o(.text)
    RNG_IRQHandler                           0x000004c7   Thumb Code     0  startup_mk60d10.o(.text)
    RTC_IRQHandler                           0x000004c7   Thumb Code     0  startup_mk60d10.o(.text)
    RTC_Seconds_IRQHandler                   0x000004c7   Thumb Code     0  startup_mk60d10.o(.text)
    Read_Collision_IRQHandler                0x000004c7   Thumb Code     0  startup_mk60d10.o(.text)
    Reserved102_IRQHandler                   0x000004c7   Thumb Code     0  startup_mk60d10.o(.text)
    Reserved108_IRQHandler                   0x000004c7   Thumb Code     0  startup_mk60d10.o(.text)
    Reserved109_IRQHandler                   0x000004c7   Thumb Code     0  startup_mk60d10.o(.text)
    Reserved111_IRQHandler                   0x000004c7   Thumb Code     0  startup_mk60d10.o(.text)
    Reserved112_IRQHandler                   0x000004c7   Thumb Code     0  startup_mk60d10.o(.text)
    Reserved113_IRQHandler                   0x000004c7   Thumb Code     0  startup_mk60d10.o(.text)
    Reserved114_IRQHandler                   0x000004c7   Thumb Code     0  startup_mk60d10.o(.text)
    Reserved115_IRQHandler                   0x000004c7   Thumb Code     0  startup_mk60d10.o(.text)
    Reserved116_IRQHandler                   0x000004c7   Thumb Code     0  startup_mk60d10.o(.text)
    Reserved117_IRQHandler                   0x000004c7   Thumb Code     0  startup_mk60d10.o(.text)
    Reserved118_IRQHandler                   0x000004c7   Thumb Code     0  startup_mk60d10.o(.text)
    Reserved119_IRQHandler                   0x000004c7   Thumb Code     0  startup_mk60d10.o(.text)
    Reserved59_IRQHandler                    0x000004c7   Thumb Code     0  startup_mk60d10.o(.text)
    Reserved95_IRQHandler                    0x000004c7   Thumb Code     0  startup_mk60d10.o(.text)
    SDHC_IRQHandler                          0x000004c7   Thumb Code     0  startup_mk60d10.o(.text)
    SPI0_IRQHandler                          0x000004c7   Thumb Code     0  startup_mk60d10.o(.text)
    SPI1_IRQHandler                          0x000004c7   Thumb Code     0  startup_mk60d10.o(.text)
    SPI2_IRQHandler                          0x000004c7   Thumb Code     0  startup_mk60d10.o(.text)
    SWI_IRQHandler                           0x000004c7   Thumb Code     0  startup_mk60d10.o(.text)
    TSI0_IRQHandler                          0x000004c7   Thumb Code     0  startup_mk60d10.o(.text)
    UART0_ERR_IRQHandler                     0x000004c7   Thumb Code     0  startup_mk60d10.o(.text)
    UART0_LON_IRQHandler                     0x000004c7   Thumb Code     0  startup_mk60d10.o(.text)
    UART1_ERR_IRQHandler                     0x000004c7   Thumb Code     0  startup_mk60d10.o(.text)
    UART2_ERR_IRQHandler                     0x000004c7   Thumb Code     0  startup_mk60d10.o(.text)
    UART3_ERR_IRQHandler                     0x000004c7   Thumb Code     0  startup_mk60d10.o(.text)
    UART4_ERR_IRQHandler                     0x000004c7   Thumb Code     0  startup_mk60d10.o(.text)
    UART5_ERR_IRQHandler                     0x000004c7   Thumb Code     0  startup_mk60d10.o(.text)
    USB0_IRQHandler                          0x000004c7   Thumb Code     0  startup_mk60d10.o(.text)
    USBDCD_IRQHandler                        0x000004c7   Thumb Code     0  startup_mk60d10.o(.text)
    Watchdog_IRQHandler                      0x000004c7   Thumb Code     0  startup_mk60d10.o(.text)
    __user_initial_stackheap                 0x000004c9   Thumb Code     0  startup_mk60d10.o(.text)
    __use_two_region_memory                  0x000004ed   Thumb Code     2  heapauxi.o(.text)
    __rt_heap_escrow$2region                 0x000004ef   Thumb Code     2  heapauxi.o(.text)
    __rt_heap_expand$2region                 0x000004f1   Thumb Code     2  heapauxi.o(.text)
    __user_setup_stackheap                   0x000004f3   Thumb Code    74  sys_stackheap_outer.o(.text)
    exit                                     0x0000053d   Thumb Code    18  exit.o(.text)
    __user_libspace                          0x00000551   Thumb Code     8  libspace.o(.text)
    __user_perproc_libspace                  0x00000551   Thumb Code     0  libspace.o(.text)
    __user_perthread_libspace                0x00000551   Thumb Code     0  libspace.o(.text)
    _sys_exit                                0x00000559   Thumb Code     8  sys_exit.o(.text)
    __I$use$semihosting                      0x00000565   Thumb Code     0  use_no_semi.o(.text)
    __use_no_semihosting_swi                 0x00000565   Thumb Code     2  use_no_semi.o(.text)
    __semihosting_library_function           0x00000567   Thumb Code     0  indicate_semi.o(.text)
    ADC0_IRQHandler                          0x00000569   Thumb Code    16  adc.o(i.ADC0_IRQHandler)
    ADC1_IRQHandler                          0x0000057d   Thumb Code    16  adc.o(i.ADC1_IRQHandler)
    ADC_Calibration                          0x00000591   Thumb Code   254  adc.o(i.ADC_Calibration)
    ADC_ChlMuxConfig                         0x00000699   Thumb Code    48  adc.o(i.ADC_ChlMuxConfig)
    ADC_Init                                 0x000006cd   Thumb Code   662  adc.o(i.ADC_Init)
    ADC_QuickInit                            0x0000096d   Thumb Code   146  adc.o(i.ADC_QuickInit)
    ADC_QuickReadValue                       0x00000a01   Thumb Code    54  adc.o(i.ADC_QuickReadValue)
    ADC_ReadValue                            0x00000a3d   Thumb Code    16  adc.o(i.ADC_ReadValue)
    ADC_StartConversion                      0x00000a51   Thumb Code    54  adc.o(i.ADC_StartConversion)
    AcceGet                                  0x00000aa5   Thumb Code    32  collectdata.o(i.AcceGet)
    AngleProc                                0x00000b25   Thumb Code   182  angle.o(i.AngleProc)
    CollectInit                              0x00000c31   Thumb Code   140  collectdata.o(i.CollectInit)
    CrossRoadCompensate                      0x00000cd5   Thumb Code   628  patternmatch.o(i.CrossRoadCompensate)
    CurveSlopeUpdate                         0x00000f61   Thumb Code   452  mathpropertiesanalyze.o(i.CurveSlopeUpdate)
    DAC0_IRQHandler                          0x00001135   Thumb Code    10  dac.o(i.DAC0_IRQHandler)
    DAC1_IRQHandler                          0x0000113f   Thumb Code    10  dac.o(i.DAC1_IRQHandler)
    DMA0_IRQHandler                          0x000011cd   Thumb Code    10  dma.o(i.DMA0_IRQHandler)
    DMA10_IRQHandler                         0x000011d7   Thumb Code    10  dma.o(i.DMA10_IRQHandler)
    DMA11_IRQHandler                         0x000011e1   Thumb Code    10  dma.o(i.DMA11_IRQHandler)
    DMA12_IRQHandler                         0x000011eb   Thumb Code    10  dma.o(i.DMA12_IRQHandler)
    DMA13_IRQHandler                         0x000011f5   Thumb Code    10  dma.o(i.DMA13_IRQHandler)
    DMA14_IRQHandler                         0x000011ff   Thumb Code    10  dma.o(i.DMA14_IRQHandler)
    DMA15_IRQHandler                         0x00001209   Thumb Code    10  dma.o(i.DMA15_IRQHandler)
    DMA1_IRQHandler                          0x00001213   Thumb Code    10  dma.o(i.DMA1_IRQHandler)
    DMA2_IRQHandler                          0x0000121d   Thumb Code    10  dma.o(i.DMA2_IRQHandler)
    DMA3_IRQHandler                          0x00001227   Thumb Code    10  dma.o(i.DMA3_IRQHandler)
    DMA4_IRQHandler                          0x00001231   Thumb Code    10  dma.o(i.DMA4_IRQHandler)
    DMA5_IRQHandler                          0x0000123b   Thumb Code    10  dma.o(i.DMA5_IRQHandler)
    DMA6_IRQHandler                          0x00001245   Thumb Code    10  dma.o(i.DMA6_IRQHandler)
    DMA7_IRQHandler                          0x0000124f   Thumb Code    10  dma.o(i.DMA7_IRQHandler)
    DMA8_IRQHandler                          0x00001259   Thumb Code    10  dma.o(i.DMA8_IRQHandler)
    DMA9_IRQHandler                          0x00001263   Thumb Code    10  dma.o(i.DMA9_IRQHandler)
    DWT_DelayInit                            0x00001295   Thumb Code    26  common.o(i.DWT_DelayInit)
    DWT_DelayMs                              0x000012b9   Thumb Code    18  common.o(i.DWT_DelayMs)
    DWT_DelayUs                              0x000012cd   Thumb Code    62  common.o(i.DWT_DelayUs)
    DataCommInit                             0x00001319   Thumb Code    16  datacomm.o(i.DataCommInit)
    DelayInit                                0x00001329   Thumb Code     8  common.o(i.DelayInit)
    DelayMs                                  0x00001331   Thumb Code    12  common.o(i.DelayMs)
    DirGyroGet                               0x0000133d   Thumb Code    16  collectdata.o(i.DirGyroGet)
    DirectionErrorGet                        0x00001355   Thumb Code    90  direction.o(i.DirectionErrorGet)
    DirectionProc                            0x000013b9   Thumb Code   194  direction.o(i.DirectionProc)
    EncoderGet                               0x00001551   Thumb Code    64  encoder.o(i.EncoderGet)
    EncoderInit                              0x00001591   Thumb Code    28  encoder.o(i.EncoderInit)
    FTM0_IRQHandler                          0x000015ad   Thumb Code    98  ftm.o(i.FTM0_IRQHandler)
    FTM1_IRQHandler                          0x0000161d   Thumb Code    98  ftm.o(i.FTM1_IRQHandler)
    FTM2_IRQHandler                          0x0000168d   Thumb Code    98  ftm.o(i.FTM2_IRQHandler)
    FTM_PWM_ChangeDuty                       0x000017b5   Thumb Code   150  ftm.o(i.FTM_PWM_ChangeDuty)
    FTM_PWM_InvertPolarity                   0x00001851   Thumb Code   132  ftm.o(i.FTM_PWM_InvertPolarity)
    FTM_PWM_QuickInit                        0x000018d9   Thumb Code   452  ftm.o(i.FTM_PWM_QuickInit)
    FTM_QD_ClearCount                        0x00001aa1   Thumb Code    12  ftm.o(i.FTM_QD_ClearCount)
    FTM_QD_GetData                           0x00001ab1   Thumb Code    30  ftm.o(i.FTM_QD_GetData)
    FTM_QD_QuickInit                         0x00001ad5   Thumb Code   376  ftm.o(i.FTM_QD_QuickInit)
    GPIO_CallbackInstall                     0x000020c5   Thumb Code    26  gpio.o(i.GPIO_CallbackInstall)
    GPIO_ITDMAConfig                         0x000020ed   Thumb Code   354  gpio.o(i.GPIO_ITDMAConfig)
    GPIO_Init                                0x00002265   Thumb Code   196  gpio.o(i.GPIO_Init)
    GPIO_PinConfig                           0x00002329   Thumb Code    70  gpio.o(i.GPIO_PinConfig)
    GPIO_QuickInit                           0x0000237d   Thumb Code    30  gpio.o(i.GPIO_QuickInit)
    GPIO_ReadBit                             0x0000239d   Thumb Code    50  gpio.o(i.GPIO_ReadBit)
    GearInit                                 0x000023d5   Thumb Code   156  velocity.o(i.GearInit)
    GetClock                                 0x00002481   Thumb Code   104  common.o(i.GetClock)
    GetRoadType                              0x000024f1   Thumb Code   430  patternmatch.o(i.GetRoadType)
    GyroGet                                  0x000026c5   Thumb Code    16  collectdata.o(i.GyroGet)
    ImgProcInit                              0x000027e1   Thumb Code    84  imgproc.o(i.ImgProcInit)
    LPTimer_IRQHandler                       0x00002ddd   Thumb Code    28  lptmr.o(i.LPTimer_IRQHandler)
    LeftBorderSearchFrom                     0x00002e01   Thumb Code    84  bordersearchrelative.o(i.LeftBorderSearchFrom)
    LeftCurveCompensate                      0x00002e5d   Thumb Code    74  patternmatch.o(i.LeftCurveCompensate)
    MainInit                                 0x00002eb1   Thumb Code    82  mainproc.o(i.MainInit)
    MiddleLineUpdate                         0x00003039   Thumb Code   100  bordersearchrelative.o(i.MiddleLineUpdate)
    MiddleLineUpdateAll                      0x000030a1   Thumb Code    20  bordersearchrelative.o(i.MiddleLineUpdateAll)
    Mode0                                    0x000030b5   Thumb Code    34  velocity.o(i.Mode0)
    Mode1                                    0x000030dd   Thumb Code    34  velocity.o(i.Mode1)
    Mode2                                    0x00003105   Thumb Code    34  velocity.o(i.Mode2)
    Mode3                                    0x0000312d   Thumb Code    34  velocity.o(i.Mode3)
    Mode4                                    0x00003155   Thumb Code    34  velocity.o(i.Mode4)
    MotorInit                                0x0000317d   Thumb Code    60  motor.o(i.MotorInit)
    MotorOut                                 0x000031c9   Thumb Code   140  motor.o(i.MotorOut)
    NMI_Handler                              0x00003259   Thumb Code     8  common.o(i.NMI_Handler)
    NMI_isr                                  0x00003261   Thumb Code     2  common.o(i.NMI_isr)
    OLED_ClrScr                              0x0000338d   Thumb Code    50  oledbase.o(i.OLED_ClrScr)
    OLED_DLY_ms                              0x000033c9   Thumb Code    24  oledbase.o(i.OLED_DLY_ms)
    OLED_EndDraw                             0x000033e1   Thumb Code    14  oledbase.o(i.OLED_EndDraw)
    OLED_Fill                                0x000033f5   Thumb Code    58  oledbase.o(i.OLED_Fill)
    OLED_Init                                0x00003431   Thumb Code   308  oledbase.o(i.OLED_Init)
    OLED_PutPixel                            0x00003575   Thumb Code   154  oledbase.o(i.OLED_PutPixel)
    OLED_Set_Pos                             0x00003629   Thumb Code    40  oledbase.o(i.OLED_Set_Pos)
    OLED_StartDraw                           0x00003651   Thumb Code     8  oledbase.o(i.OLED_StartDraw)
    OLED_WrCmd                               0x0000365d   Thumb Code   116  oledbase.o(i.OLED_WrCmd)
    OLED_WrDat                               0x000036d9   Thumb Code   114  oledbase.o(i.OLED_WrDat)
    Oled_Init_n                              0x00003755   Thumb Code    22  oled.o(i.Oled_Init_n)
    Oled_PrintfPhoto1                        0x0000376d   Thumb Code   106  oled.o(i.Oled_PrintfPhoto1)
    OutOfRoadJudge                           0x000037f5   Thumb Code    72  patternmatch.o(i.OutOfRoadJudge)
    PIT0_IRQHandler                          0x00003841   Thumb Code    10  pit.o(i.PIT0_IRQHandler)
    PIT1_IRQHandler                          0x0000384b   Thumb Code    10  pit.o(i.PIT1_IRQHandler)
    PIT2_IRQHandler                          0x00003855   Thumb Code    10  pit.o(i.PIT2_IRQHandler)
    PIT3_IRQHandler                          0x0000385f   Thumb Code    10  pit.o(i.PIT3_IRQHandler)
    PIT_CallbackInstall                      0x00003869   Thumb Code    22  pit.o(i.PIT_CallbackInstall)
    PIT_ITDMAConfig                          0x000038bd   Thumb Code   114  pit.o(i.PIT_ITDMAConfig)
    PIT_Init                                 0x0000393d   Thumb Code    94  pit.o(i.PIT_Init)
    PIT_QuickInit                            0x000039b1   Thumb Code    20  pit.o(i.PIT_QuickInit)
    PORTA_IRQHandler                         0x000039c5   Thumb Code    10  gpio.o(i.PORTA_IRQHandler)
    PORTB_IRQHandler                         0x000039cf   Thumb Code    10  gpio.o(i.PORTB_IRQHandler)
    PORTC_IRQHandler                         0x000039d9   Thumb Code    10  gpio.o(i.PORTC_IRQHandler)
    PORTD_IRQHandler                         0x000039e3   Thumb Code    10  gpio.o(i.PORTD_IRQHandler)
    PORTE_IRQHandler                         0x000039ed   Thumb Code    10  gpio.o(i.PORTE_IRQHandler)
    PORT_PinMuxConfig                        0x00003a31   Thumb Code    74  gpio.o(i.PORT_PinMuxConfig)
    PORT_PinOpenDrainConfig                  0x00003a89   Thumb Code    72  gpio.o(i.PORT_PinOpenDrainConfig)
    PORT_PinPullConfig                       0x00003add   Thumb Code   162  gpio.o(i.PORT_PinPullConfig)
    RightBorderSearchFrom                    0x00003b8d   Thumb Code    88  bordersearchrelative.o(i.RightBorderSearchFrom)
    RightCurveCompensate                     0x00003bed   Thumb Code    82  patternmatch.o(i.RightCurveCompensate)
    StartLineJudge                           0x00003c49   Thumb Code    98  patternmatch.o(i.StartLineJudge)
    StraightLineJudge                        0x00003cb1   Thumb Code    48  patternmatch.o(i.StraightLineJudge)
    SystemCoreClockUpdate                    0x00003ce5   Thumb Code   324  system_mk60d10.o(i.SystemCoreClockUpdate)
    SystemInit                               0x00003e3d   Thumb Code   196  system_mk60d10.o(i.SystemInit)
    UART0_RX_TX_IRQHandler                   0x00003f39   Thumb Code    10  uart.o(i.UART0_RX_TX_IRQHandler)
    UART1_RX_TX_IRQHandler                   0x00003f43   Thumb Code    10  uart.o(i.UART1_RX_TX_IRQHandler)
    UART2_RX_TX_IRQHandler                   0x00003f4d   Thumb Code    10  uart.o(i.UART2_RX_TX_IRQHandler)
    UART3_RX_TX_IRQHandler                   0x00003f57   Thumb Code    10  uart.o(i.UART3_RX_TX_IRQHandler)
    UART4_RX_TX_IRQHandler                   0x00003f61   Thumb Code    10  uart.o(i.UART4_RX_TX_IRQHandler)
    UART5_RX_TX_IRQHandler                   0x00003f6b   Thumb Code    10  uart.o(i.UART5_RX_TX_IRQHandler)
    UART_EnableRxFIFO                        0x00003f75   Thumb Code    46  uart.o(i.UART_EnableRxFIFO)
    UART_EnableTxFIFO                        0x00003fa9   Thumb Code    46  uart.o(i.UART_EnableTxFIFO)
    UART_Init                                0x000040a9   Thumb Code   716  uart.o(i.UART_Init)
    UART_QuickInit                           0x00004385   Thumb Code   112  uart.o(i.UART_QuickInit)
    VelocityPID                              0x000043f5   Thumb Code   184  velocity.o(i.VelocityPID)
    VelocityProc                             0x000044c5   Thumb Code    88  velocity.o(i.VelocityProc)
    main                                     0x000047b1   Thumb Code    14  main.o(i.main)
    __aeabi_d2f                              0x000047c5   Thumb Code     0  d2f.o(x$fpl$d2f)
    _d2f                                     0x000047c5   Thumb Code    98  d2f.o(x$fpl$d2f)
    __aeabi_dadd                             0x00004829   Thumb Code     0  daddsub_clz.o(x$fpl$dadd)
    _dadd                                    0x00004829   Thumb Code   332  daddsub_clz.o(x$fpl$dadd)
    __aeabi_i2d                              0x00004979   Thumb Code     0  dflt_clz.o(x$fpl$dflt)
    _dflt                                    0x00004979   Thumb Code    46  dflt_clz.o(x$fpl$dflt)
    __aeabi_dmul                             0x000049a9   Thumb Code     0  dmul.o(x$fpl$dmul)
    _dmul                                    0x000049a9   Thumb Code   332  dmul.o(x$fpl$dmul)
    __fpl_dnaninf                            0x00004afd   Thumb Code   156  dnaninf.o(x$fpl$dnaninf)
    __fpl_dretinf                            0x00004b99   Thumb Code    12  dretinf.o(x$fpl$dretinf)
    __aeabi_drsub                            0x00004ba5   Thumb Code     0  daddsub_clz.o(x$fpl$drsb)
    _drsb                                    0x00004ba5   Thumb Code    22  daddsub_clz.o(x$fpl$drsb)
    __aeabi_dsub                             0x00004bbd   Thumb Code     0  daddsub_clz.o(x$fpl$dsub)
    _dsub                                    0x00004bbd   Thumb Code   464  daddsub_clz.o(x$fpl$dsub)
    __aeabi_f2d                              0x00004d91   Thumb Code     0  f2d.o(x$fpl$f2d)
    _f2d                                     0x00004d91   Thumb Code    86  f2d.o(x$fpl$f2d)
    __aeabi_fadd                             0x00004de9   Thumb Code     0  faddsub_clz.o(x$fpl$fadd)
    _fadd                                    0x00004de9   Thumb Code   196  faddsub_clz.o(x$fpl$fadd)
    __fpl_fcmp_Inf                           0x00004ead   Thumb Code    24  fcmpi.o(x$fpl$fcmpinf)
    __aeabi_fdiv                             0x00004ec5   Thumb Code     0  fdiv.o(x$fpl$fdiv)
    _fdiv                                    0x00004ec5   Thumb Code   384  fdiv.o(x$fpl$fdiv)
    __aeabi_f2iz                             0x00005049   Thumb Code     0  ffix.o(x$fpl$ffix)
    _ffix                                    0x00005049   Thumb Code    54  ffix.o(x$fpl$ffix)
    __aeabi_i2f                              0x00005081   Thumb Code     0  fflt_clz.o(x$fpl$fflt)
    _fflt                                    0x00005081   Thumb Code    48  fflt_clz.o(x$fpl$fflt)
    __aeabi_cfcmple                          0x000050b1   Thumb Code     0  fleqf.o(x$fpl$fleqf)
    _fcmple                                  0x000050b1   Thumb Code   104  fleqf.o(x$fpl$fleqf)
    __fpl_fcmple_InfNaN                      0x00005103   Thumb Code     0  fleqf.o(x$fpl$fleqf)
    __aeabi_fmul                             0x00005119   Thumb Code     0  fmul.o(x$fpl$fmul)
    _fmul                                    0x00005119   Thumb Code   258  fmul.o(x$fpl$fmul)
    __fpl_fnaninf                            0x0000521b   Thumb Code   140  fnaninf.o(x$fpl$fnaninf)
    __fpl_fretinf                            0x000052a7   Thumb Code    10  fretinf.o(x$fpl$fretinf)
    __aeabi_cfrcmple                         0x000052b1   Thumb Code     0  frleqf.o(x$fpl$frleqf)
    _frcmple                                 0x000052b1   Thumb Code    98  frleqf.o(x$fpl$frleqf)
    __aeabi_frsub                            0x00005313   Thumb Code     0  faddsub_clz.o(x$fpl$frsb)
    _frsb                                    0x00005313   Thumb Code    20  faddsub_clz.o(x$fpl$frsb)
    __aeabi_fsub                             0x00005329   Thumb Code     0  faddsub_clz.o(x$fpl$fsub)
    _fsub                                    0x00005329   Thumb Code   234  faddsub_clz.o(x$fpl$fsub)
    __I$use$fp                               0x00005412   Number         0  usenofp.o(x$fpl$usenofp)
    Region$$Table$$Base                      0x00005564   Number         0  anon$$obj.o(Region$$Table)
    Region$$Table$$Limit                     0x00005584   Number         0  anon$$obj.o(Region$$Table)
    SystemCoreClock                          0x20000000   Data           4  system_mk60d10.o(.data)
    __stdout                                 0x20000014   Data           4  uart.o(.data)
    __stdin                                  0x20000018   Data           4  uart.o(.data)
    dirError                                 0x20000030   Data           2  imgproc.o(.data)
    direction_control_on                     0x20000032   Data           1  imgproc.o(.data)
    AC_Out                                   0x20000048   Data           4  mainproc.o(.data)
    VC_Out                                   0x2000004c   Data           4  mainproc.o(.data)
    DC_Out                                   0x20000050   Data           4  mainproc.o(.data)
    Left_Out                                 0x20000054   Data           4  mainproc.o(.data)
    Right_Out                                0x20000058   Data           4  mainproc.o(.data)
    speed                                    0x2000005c   Data           4  mainproc.o(.data)
    distance                                 0x20000060   Data           4  mainproc.o(.data)
    ringDistance                             0x2000006c   Data           4  patternmatch.o(.data)
    inRing                                   0x20000070   Data           1  patternmatch.o(.data)
    ringEndDelay                             0x20000071   Data           1  patternmatch.o(.data)
    barrierType                              0x20000072   Data           2  patternmatch.o(.data)
    barrierDistance                          0x20000074   Data           4  patternmatch.o(.data)
    aroundBarrier                            0x20000078   Data           1  patternmatch.o(.data)
    Kal_Gyro                                 0x20000080   Data           4  angle.o(.data)
    gyro                                     0x20000084   Data           4  angle.o(.data)
    mmax                                     0x20000088   Data           4  angle.o(.data)
    mmaz                                     0x2000008c   Data           4  angle.o(.data)
    angleMma                                 0x20000090   Data           4  angle.o(.data)
    angle                                    0x20000094   Data           4  angle.o(.data)
    angleSpeed                               0x20000098   Data           4  angle.o(.data)
    Angle_Kalman                             0x2000009c   Data           4  angle.o(.data)
    angleSpeedIntegral                       0x200000a0   Data           4  angle.o(.data)
    dirAngleSpeed                            0x200000c4   Data           4  direction.o(.data)
    state                                    0x200000c8   Data           2  direction.o(.data)
    DC_PID_P                                 0x200000cc   Data           4  direction.o(.data)
    VC_Max                                   0x200000dc   Data           2  velocity.o(.data)
    VC_Min                                   0x200000de   Data           2  velocity.o(.data)
    VC_Set                                   0x200000e0   Data           2  velocity.o(.data)
    tFont12                                  0x200000fe   Data           8  oledbase.o(.data)
    tFont16                                  0x20000106   Data           8  oledbase.o(.data)
    imgBuf                                   0x200001b0   Data       11250  imgproc.o(.bss)
    resultSet                                0x20002da2   Data        1206  imgproc.o(.bss)
    MODE                                     0x20003258   Data          16  velocity.o(.bss)
    __libspace_start                         0x20003668   Data          96  libspace.o(.bss)
    __temporary_stack_top$libspace           0x200036c8   Data           0  libspace.o(.bss)



==============================================================================

Memory Map of the image

  Image Entry point : 0x00000411

  Load Region LR_IROM1 (Base: 0x00000000, Size: 0x00005694, Max: 0x00080000, ABSOLUTE)

    Execution Region ER_IROM1 (Base: 0x00000000, Size: 0x00005584, Max: 0x00080000, ABSOLUTE)

    Base Addr    Size         Type   Attr      Idx    E Section Name        Object

    0x00000000   0x00000400   Data   RO           57    RESET               startup_mk60d10.o
    0x00000400   0x00000010   Code   RO           58    .ARM.__at_0x400     startup_mk60d10.o
    0x00000410   0x00000008   Code   RO         2435  * !!!main             c_w.l(__main.o)
    0x00000418   0x00000034   Code   RO         2653    !!!scatter          c_w.l(__scatter.o)
    0x0000044c   0x0000001a   Code   RO         2655    !!handler_copy      c_w.l(__scatter_copy.o)
    0x00000466   0x00000002   PAD
    0x00000468   0x0000001c   Code   RO         2657    !!handler_zi        c_w.l(__scatter_zi.o)
    0x00000484   0x00000002   Code   RO         2523    .ARM.Collect$$libinit$$00000000  c_w.l(libinit.o)
    0x00000486   0x00000000   Code   RO         2530    .ARM.Collect$$libinit$$00000002  c_w.l(libinit2.o)
    0x00000486   0x00000000   Code   RO         2532    .ARM.Collect$$libinit$$00000004  c_w.l(libinit2.o)
    0x00000486   0x00000000   Code   RO         2535    .ARM.Collect$$libinit$$0000000A  c_w.l(libinit2.o)
    0x00000486   0x00000000   Code   RO         2537    .ARM.Collect$$libinit$$0000000C  c_w.l(libinit2.o)
    0x00000486   0x00000000   Code   RO         2539    .ARM.Collect$$libinit$$0000000E  c_w.l(libinit2.o)
    0x00000486   0x00000000   Code   RO         2542    .ARM.Collect$$libinit$$00000011  c_w.l(libinit2.o)
    0x00000486   0x00000000   Code   RO         2544    .ARM.Collect$$libinit$$00000013  c_w.l(libinit2.o)
    0x00000486   0x00000000   Code   RO         2546    .ARM.Collect$$libinit$$00000015  c_w.l(libinit2.o)
    0x00000486   0x00000000   Code   RO         2548    .ARM.Collect$$libinit$$00000017  c_w.l(libinit2.o)
    0x00000486   0x00000000   Code   RO         2550    .ARM.Collect$$libinit$$00000019  c_w.l(libinit2.o)
    0x00000486   0x00000000   Code   RO         2552    .ARM.Collect$$libinit$$0000001B  c_w.l(libinit2.o)
    0x00000486   0x00000000   Code   RO         2554    .ARM.Collect$$libinit$$0000001D  c_w.l(libinit2.o)
    0x00000486   0x00000000   Code   RO         2556    .ARM.Collect$$libinit$$0000001F  c_w.l(libinit2.o)
    0x00000486   0x00000000   Code   RO         2558    .ARM.Collect$$libinit$$00000021  c_w.l(libinit2.o)
    0x00000486   0x00000000   Code   RO         2560    .ARM.Collect$$libinit$$00000023  c_w.l(libinit2.o)
    0x00000486   0x00000000   Code   RO         2562    .ARM.Collect$$libinit$$00000025  c_w.l(libinit2.o)
    0x00000486   0x00000000   Code   RO         2566    .ARM.Collect$$libinit$$0000002C  c_w.l(libinit2.o)
    0x00000486   0x00000000   Code   RO         2568    .ARM.Collect$$libinit$$0000002E  c_w.l(libinit2.o)
    0x00000486   0x00000000   Code   RO         2570    .ARM.Collect$$libinit$$00000030  c_w.l(libinit2.o)
    0x00000486   0x00000000   Code   RO         2572    .ARM.Collect$$libinit$$00000032  c_w.l(libinit2.o)
    0x00000486   0x00000002   Code   RO         2573    .ARM.Collect$$libinit$$00000033  c_w.l(libinit2.o)
    0x00000488   0x00000002   Code   RO         2593    .ARM.Collect$$libshutdown$$00000000  c_w.l(libshutdown.o)
    0x0000048a   0x00000000   Code   RO         2606    .ARM.Collect$$libshutdown$$00000002  c_w.l(libshutdown2.o)
    0x0000048a   0x00000000   Code   RO         2608    .ARM.Collect$$libshutdown$$00000004  c_w.l(libshutdown2.o)
    0x0000048a   0x00000000   Code   RO         2611    .ARM.Collect$$libshutdown$$00000007  c_w.l(libshutdown2.o)
    0x0000048a   0x00000000   Code   RO         2614    .ARM.Collect$$libshutdown$$0000000A  c_w.l(libshutdown2.o)
    0x0000048a   0x00000000   Code   RO         2616    .ARM.Collect$$libshutdown$$0000000C  c_w.l(libshutdown2.o)
    0x0000048a   0x00000000   Code   RO         2619    .ARM.Collect$$libshutdown$$0000000F  c_w.l(libshutdown2.o)
    0x0000048a   0x00000002   Code   RO         2620    .ARM.Collect$$libshutdown$$00000010  c_w.l(libshutdown2.o)
    0x0000048c   0x00000000   Code   RO         2481    .ARM.Collect$$rtentry$$00000000  c_w.l(__rtentry.o)
    0x0000048c   0x00000000   Code   RO         2498    .ARM.Collect$$rtentry$$00000002  c_w.l(__rtentry2.o)
    0x0000048c   0x00000006   Code   RO         2510    .ARM.Collect$$rtentry$$00000004  c_w.l(__rtentry4.o)
    0x00000492   0x00000000   Code   RO         2500    .ARM.Collect$$rtentry$$00000009  c_w.l(__rtentry2.o)
    0x00000492   0x00000004   Code   RO         2501    .ARM.Collect$$rtentry$$0000000A  c_w.l(__rtentry2.o)
    0x00000496   0x00000000   Code   RO         2503    .ARM.Collect$$rtentry$$0000000C  c_w.l(__rtentry2.o)
    0x00000496   0x00000008   Code   RO         2504    .ARM.Collect$$rtentry$$0000000D  c_w.l(__rtentry2.o)
    0x0000049e   0x00000002   Code   RO         2527    .ARM.Collect$$rtexit$$00000000  c_w.l(rtexit.o)
    0x000004a0   0x00000000   Code   RO         2575    .ARM.Collect$$rtexit$$00000002  c_w.l(rtexit2.o)
    0x000004a0   0x00000004   Code   RO         2576    .ARM.Collect$$rtexit$$00000003  c_w.l(rtexit2.o)
    0x000004a4   0x00000006   Code   RO         2577    .ARM.Collect$$rtexit$$00000004  c_w.l(rtexit2.o)
    0x000004aa   0x00000002   PAD
    0x000004ac   0x00000040   Code   RO           59    .text               startup_mk60d10.o
    0x000004ec   0x00000006   Code   RO         2433    .text               c_w.l(heapauxi.o)
    0x000004f2   0x0000004a   Code   RO         2514    .text               c_w.l(sys_stackheap_outer.o)
    0x0000053c   0x00000012   Code   RO         2516    .text               c_w.l(exit.o)
    0x0000054e   0x00000002   PAD
    0x00000550   0x00000008   Code   RO         2524    .text               c_w.l(libspace.o)
    0x00000558   0x0000000c   Code   RO         2585    .text               c_w.l(sys_exit.o)
    0x00000564   0x00000002   Code   RO         2596    .text               c_w.l(use_no_semi.o)
    0x00000566   0x00000000   Code   RO         2598    .text               c_w.l(indicate_semi.o)
    0x00000566   0x00000002   PAD
    0x00000568   0x00000014   Code   RO           67    i.ADC0_IRQHandler   adc.o
    0x0000057c   0x00000014   Code   RO           68    i.ADC1_IRQHandler   adc.o
    0x00000590   0x00000108   Code   RO           69    i.ADC_Calibration   adc.o
    0x00000698   0x00000034   Code   RO           71    i.ADC_ChlMuxConfig  adc.o
    0x000006cc   0x000002a0   Code   RO           74    i.ADC_Init          adc.o
    0x0000096c   0x00000092   Code   RO           76    i.ADC_QuickInit     adc.o
    0x000009fe   0x00000002   PAD
    0x00000a00   0x0000003c   Code   RO           77    i.ADC_QuickReadValue  adc.o
    0x00000a3c   0x00000014   Code   RO           78    i.ADC_ReadValue     adc.o
    0x00000a50   0x0000003c   Code   RO           79    i.ADC_StartConversion  adc.o
    0x00000a8c   0x00000018   Code   RO         1928    i.Abs               patternmatch.o
    0x00000aa4   0x00000028   Code   RO         2090    i.AcceGet           collectdata.o
    0x00000acc   0x00000058   Code   RO         2054    i.AnglePID          angle.o
    0x00000b24   0x000000f4   Code   RO         2055    i.AngleProc         angle.o
    0x00000c18   0x00000018   Code   RO         1845    i.BuzzleInit        mainproc.o
    0x00000c30   0x000000a4   Code   RO         2091    i.CollectInit       collectdata.o
    0x00000cd4   0x0000028c   Code   RO         1929    i.CrossRoadCompensate  patternmatch.o
    0x00000f60   0x000001d4   Code   RO         1908    i.CurveSlopeUpdate  mathpropertiesanalyze.o
    0x00001134   0x0000000a   Code   RO         1041    i.DAC0_IRQHandler   dac.o
    0x0000113e   0x0000000a   Code   RO         1042    i.DAC1_IRQHandler   dac.o
    0x00001148   0x00000084   Code   RO         1045    i.DAC_IRQHandler    dac.o
    0x000011cc   0x0000000a   Code   RO         1137    i.DMA0_IRQHandler   dma.o
    0x000011d6   0x0000000a   Code   RO         1138    i.DMA10_IRQHandler  dma.o
    0x000011e0   0x0000000a   Code   RO         1139    i.DMA11_IRQHandler  dma.o
    0x000011ea   0x0000000a   Code   RO         1140    i.DMA12_IRQHandler  dma.o
    0x000011f4   0x0000000a   Code   RO         1141    i.DMA13_IRQHandler  dma.o
    0x000011fe   0x0000000a   Code   RO         1142    i.DMA14_IRQHandler  dma.o
    0x00001208   0x0000000a   Code   RO         1143    i.DMA15_IRQHandler  dma.o
    0x00001212   0x0000000a   Code   RO         1144    i.DMA1_IRQHandler   dma.o
    0x0000121c   0x0000000a   Code   RO         1145    i.DMA2_IRQHandler   dma.o
    0x00001226   0x0000000a   Code   RO         1146    i.DMA3_IRQHandler   dma.o
    0x00001230   0x0000000a   Code   RO         1147    i.DMA4_IRQHandler   dma.o
    0x0000123a   0x0000000a   Code   RO         1148    i.DMA5_IRQHandler   dma.o
    0x00001244   0x0000000a   Code   RO         1149    i.DMA6_IRQHandler   dma.o
    0x0000124e   0x0000000a   Code   RO         1150    i.DMA7_IRQHandler   dma.o
    0x00001258   0x0000000a   Code   RO         1151    i.DMA8_IRQHandler   dma.o
    0x00001262   0x0000000a   Code   RO         1152    i.DMA9_IRQHandler   dma.o
    0x0000126c   0x00000028   Code   RO         1164    i.DMA_IRQHandler    dma.o
    0x00001294   0x00000024   Code   RO          188    i.DWT_DelayInit     common.o
    0x000012b8   0x00000012   Code   RO          189    i.DWT_DelayMs       common.o
    0x000012ca   0x00000002   PAD
    0x000012cc   0x0000004c   Code   RO          190    i.DWT_DelayUs       common.o
    0x00001318   0x00000010   Code   RO         1707    i.DataCommInit      datacomm.o
    0x00001328   0x00000008   Code   RO          191    i.DelayInit         common.o
    0x00001330   0x0000000c   Code   RO          192    i.DelayMs           common.o
    0x0000133c   0x00000018   Code   RO         2092    i.DirGyroGet        collectdata.o
    0x00001354   0x00000064   Code   RO         2130    i.DirectionErrorGet  direction.o
    0x000013b8   0x000000dc   Code   RO         2131    i.DirectionProc     direction.o
    0x00001494   0x000000bc   Code   RO         2132    i.Direction_PID     direction.o
    0x00001550   0x00000040   Code   RO         1518    i.EncoderGet        encoder.o
    0x00001590   0x0000001c   Code   RO         1519    i.EncoderInit       encoder.o
    0x000015ac   0x00000070   Code   RO          287    i.FTM0_IRQHandler   ftm.o
    0x0000161c   0x00000070   Code   RO          288    i.FTM1_IRQHandler   ftm.o
    0x0000168c   0x00000070   Code   RO          289    i.FTM2_IRQHandler   ftm.o
    0x000016fc   0x000000b8   Code   RO          291    i.FTM_DualChlConfig  ftm.o
    0x000017b4   0x0000009c   Code   RO          297    i.FTM_PWM_ChangeDuty  ftm.o
    0x00001850   0x00000088   Code   RO          298    i.FTM_PWM_InvertPolarity  ftm.o
    0x000018d8   0x000001c8   Code   RO          299    i.FTM_PWM_QuickInit  ftm.o
    0x00001aa0   0x00000010   Code   RO          300    i.FTM_QD_ClearCount  ftm.o
    0x00001ab0   0x00000024   Code   RO          301    i.FTM_QD_GetData    ftm.o
    0x00001ad4   0x0000017c   Code   RO          302    i.FTM_QD_QuickInit  ftm.o
    0x00001c50   0x00000474   Code   RO          303    i.FTM_SetMode       ftm.o
    0x000020c4   0x00000028   Code   RO          431    i.GPIO_CallbackInstall  gpio.o
    0x000020ec   0x00000178   Code   RO          432    i.GPIO_ITDMAConfig  gpio.o
    0x00002264   0x000000c4   Code   RO          433    i.GPIO_Init         gpio.o
    0x00002328   0x00000054   Code   RO          434    i.GPIO_PinConfig    gpio.o
    0x0000237c   0x0000001e   Code   RO          435    i.GPIO_QuickInit    gpio.o
    0x0000239a   0x00000002   PAD
    0x0000239c   0x00000038   Code   RO          436    i.GPIO_ReadBit      gpio.o
    0x000023d4   0x000000ac   Code   RO         2168    i.GearInit          velocity.o
    0x00002480   0x00000070   Code   RO          195    i.GetClock          common.o
    0x000024f0   0x000001d4   Code   RO         1930    i.GetRoadType       patternmatch.o
    0x000026c4   0x00000018   Code   RO         2093    i.GyroGet           collectdata.o
    0x000026dc   0x0000003c   Code   RO         1765    i.ImgProc0          imgproc.o
    0x00002718   0x00000040   Code   RO         1766    i.ImgProc1          imgproc.o
    0x00002758   0x00000028   Code   RO         1767    i.ImgProc2          imgproc.o
    0x00002780   0x0000001c   Code   RO         1768    i.ImgProc3          imgproc.o
    0x0000279c   0x00000044   Code   RO         1769    i.ImgProcHREF       imgproc.o
    0x000027e0   0x0000005c   Code   RO         1770    i.ImgProcInit       imgproc.o
    0x0000283c   0x000000d4   Code   RO         1771    i.ImgProcSummary    imgproc.o
    0x00002910   0x00000034   Code   RO         1772    i.ImgProcVSYN       imgproc.o
    0x00002944   0x00000012   Code   RO         1931    i.InRange           patternmatch.o
    0x00002956   0x00000002   PAD
    0x00002958   0x00000034   Code   RO         1932    i.IsCrossRoad       patternmatch.o
    0x0000298c   0x000000f0   Code   RO         1933    i.IsRing            patternmatch.o
    0x00002a7c   0x000000c0   Code   RO         1934    i.IsRingEnd         patternmatch.o
    0x00002b3c   0x000002a0   Code   RO         2056    i.KalmanFilter      angle.o
    0x00002ddc   0x00000024   Code   RO         1429    i.LPTimer_IRQHandler  lptmr.o
    0x00002e00   0x0000005c   Code   RO         1668    i.LeftBorderSearchFrom  bordersearchrelative.o
    0x00002e5c   0x00000054   Code   RO         1935    i.LeftCurveCompensate  patternmatch.o
    0x00002eb0   0x00000052   Code   RO         1846    i.MainInit          mainproc.o
    0x00002f02   0x00000002   PAD
    0x00002f04   0x00000134   Code   RO         1847    i.MainProc          mainproc.o
    0x00003038   0x00000068   Code   RO         1669    i.MiddleLineUpdate  bordersearchrelative.o
    0x000030a0   0x00000014   Code   RO         1670    i.MiddleLineUpdateAll  bordersearchrelative.o
    0x000030b4   0x00000028   Code   RO         2169    i.Mode0             velocity.o
    0x000030dc   0x00000028   Code   RO         2170    i.Mode1             velocity.o
    0x00003104   0x00000028   Code   RO         2171    i.Mode2             velocity.o
    0x0000312c   0x00000028   Code   RO         2172    i.Mode3             velocity.o
    0x00003154   0x00000028   Code   RO         2173    i.Mode4             velocity.o
    0x0000317c   0x0000004c   Code   RO         1562    i.MotorInit         motor.o
    0x000031c8   0x00000090   Code   RO         1563    i.MotorOut          motor.o
    0x00003258   0x00000008   Code   RO          197    i.NMI_Handler       common.o
    0x00003260   0x00000002   Code   RO          198    i.NMI_isr           common.o
    0x00003262   0x00000002   PAD
    0x00003264   0x00000064   Code   RO         1848    i.NVICInit          mainproc.o
    0x000032c8   0x00000016   Code   RO          443    i.NVIC_EnableIRQ    gpio.o
    0x000032de   0x00000040   Code   RO         1849    i.NVIC_EncodePriority  mainproc.o
    0x0000331e   0x00000002   PAD
    0x00003320   0x00000028   Code   RO         1850    i.NVIC_SetPriority  mainproc.o
    0x00003348   0x00000044   Code   RO         2276    i.OLED_BufToPanel   oledbase.o
    0x0000338c   0x0000003c   Code   RO         2278    i.OLED_ClrScr       oledbase.o
    0x000033c8   0x00000018   Code   RO         2279    i.OLED_DLY_ms       oledbase.o
    0x000033e0   0x00000014   Code   RO         2288    i.OLED_EndDraw      oledbase.o
    0x000033f4   0x0000003a   Code   RO         2289    i.OLED_Fill         oledbase.o
    0x0000342e   0x00000002   PAD
    0x00003430   0x00000144   Code   RO         2291    i.OLED_Init         oledbase.o
    0x00003574   0x000000b4   Code   RO         2292    i.OLED_PutPixel     oledbase.o
    0x00003628   0x00000028   Code   RO         2293    i.OLED_Set_Pos      oledbase.o
    0x00003650   0x0000000c   Code   RO         2294    i.OLED_StartDraw    oledbase.o
    0x0000365c   0x0000007c   Code   RO         2295    i.OLED_WrCmd        oledbase.o
    0x000036d8   0x0000007c   Code   RO         2296    i.OLED_WrDat        oledbase.o
    0x00003754   0x00000016   Code   RO         2237    i.Oled_Init_n       oled.o
    0x0000376a   0x00000002   PAD
    0x0000376c   0x00000070   Code   RO         2238    i.Oled_PrintfPhoto1  oled.o
    0x000037dc   0x00000016   Code   RO         1936    i.OpstSign          patternmatch.o
    0x000037f2   0x00000002   PAD
    0x000037f4   0x0000004c   Code   RO         1937    i.OutOfRoadJudge    patternmatch.o
    0x00003840   0x0000000a   Code   RO          703    i.PIT0_IRQHandler   pit.o
    0x0000384a   0x0000000a   Code   RO          704    i.PIT1_IRQHandler   pit.o
    0x00003854   0x0000000a   Code   RO          705    i.PIT2_IRQHandler   pit.o
    0x0000385e   0x0000000a   Code   RO          706    i.PIT3_IRQHandler   pit.o
    0x00003868   0x00000020   Code   RO          707    i.PIT_CallbackInstall  pit.o
    0x00003888   0x00000034   Code   RO          709    i.PIT_IRQHandler    pit.o
    0x000038bc   0x00000080   Code   RO          710    i.PIT_ITDMAConfig   pit.o
    0x0000393c   0x00000074   Code   RO          711    i.PIT_Init          pit.o
    0x000039b0   0x00000014   Code   RO          712    i.PIT_QuickInit     pit.o
    0x000039c4   0x0000000a   Code   RO          444    i.PORTA_IRQHandler  gpio.o
    0x000039ce   0x0000000a   Code   RO          445    i.PORTB_IRQHandler  gpio.o
    0x000039d8   0x0000000a   Code   RO          446    i.PORTC_IRQHandler  gpio.o
    0x000039e2   0x0000000a   Code   RO          447    i.PORTD_IRQHandler  gpio.o
    0x000039ec   0x0000000a   Code   RO          448    i.PORTE_IRQHandler  gpio.o
    0x000039f6   0x00000002   PAD
    0x000039f8   0x00000038   Code   RO          449    i.PORT_IRQHandler   gpio.o
    0x00003a30   0x00000058   Code   RO          450    i.PORT_PinMuxConfig  gpio.o
    0x00003a88   0x00000054   Code   RO          451    i.PORT_PinOpenDrainConfig  gpio.o
    0x00003adc   0x000000b0   Code   RO          453    i.PORT_PinPullConfig  gpio.o
    0x00003b8c   0x00000060   Code   RO         1671    i.RightBorderSearchFrom  bordersearchrelative.o
    0x00003bec   0x0000005c   Code   RO         1938    i.RightCurveCompensate  patternmatch.o
    0x00003c48   0x00000068   Code   RO         1943    i.StartLineJudge    patternmatch.o
    0x00003cb0   0x00000034   Code   RO         1944    i.StraightLineJudge  patternmatch.o
    0x00003ce4   0x00000158   Code   RO            3    i.SystemCoreClockUpdate  system_mk60d10.o
    0x00003e3c   0x000000d8   Code   RO            4    i.SystemInit        system_mk60d10.o
    0x00003f14   0x00000024   Code   RO         1851    i.TimerInit         mainproc.o
    0x00003f38   0x0000000a   Code   RO          851    i.UART0_RX_TX_IRQHandler  uart.o
    0x00003f42   0x0000000a   Code   RO          852    i.UART1_RX_TX_IRQHandler  uart.o
    0x00003f4c   0x0000000a   Code   RO          853    i.UART2_RX_TX_IRQHandler  uart.o
    0x00003f56   0x0000000a   Code   RO          854    i.UART3_RX_TX_IRQHandler  uart.o
    0x00003f60   0x0000000a   Code   RO          855    i.UART4_RX_TX_IRQHandler  uart.o
    0x00003f6a   0x0000000a   Code   RO          856    i.UART5_RX_TX_IRQHandler  uart.o
    0x00003f74   0x00000034   Code   RO          860    i.UART_EnableRxFIFO  uart.o
    0x00003fa8   0x00000034   Code   RO          861    i.UART_EnableTxFIFO  uart.o
    0x00003fdc   0x000000cc   Code   RO          864    i.UART_IRQ_Handler  uart.o
    0x000040a8   0x000002dc   Code   RO          866    i.UART_Init         uart.o
    0x00004384   0x00000070   Code   RO          867    i.UART_QuickInit    uart.o
    0x000043f4   0x000000d0   Code   RO         2174    i.VelocityPID       velocity.o
    0x000044c4   0x00000068   Code   RO         2175    i.VelocityProc      velocity.o
    0x0000452c   0x00000114   Code   RO         1945    i.WhichBarrier      patternmatch.o
    0x00004640   0x000000d0   Code   RO         1946    i.WhichCurve        patternmatch.o
    0x00004710   0x00000078   Code   RO          305    i._FTM_InitBasic    ftm.o
    0x00004788   0x00000028   Code   RO          306    i.get_chl_pair_index  ftm.o
    0x000047b0   0x00000014   Code   RO         1591    i.main              main.o
    0x000047c4   0x00000062   Code   RO         2437    x$fpl$d2f           fz_ws.l(d2f.o)
    0x00004826   0x00000002   PAD
    0x00004828   0x00000150   Code   RO         2439    x$fpl$dadd          fz_ws.l(daddsub_clz.o)
    0x00004978   0x0000002e   Code   RO         2446    x$fpl$dflt          fz_ws.l(dflt_clz.o)
    0x000049a6   0x00000002   PAD
    0x000049a8   0x00000154   Code   RO         2451    x$fpl$dmul          fz_ws.l(dmul.o)
    0x00004afc   0x0000009c   Code   RO         2486    x$fpl$dnaninf       fz_ws.l(dnaninf.o)
    0x00004b98   0x0000000c   Code   RO         2488    x$fpl$dretinf       fz_ws.l(dretinf.o)
    0x00004ba4   0x00000016   Code   RO         2440    x$fpl$drsb          fz_ws.l(daddsub_clz.o)
    0x00004bba   0x00000002   PAD
    0x00004bbc   0x000001d4   Code   RO         2441    x$fpl$dsub          fz_ws.l(daddsub_clz.o)
    0x00004d90   0x00000056   Code   RO         2453    x$fpl$f2d           fz_ws.l(f2d.o)
    0x00004de6   0x00000002   PAD
    0x00004de8   0x000000c4   Code   RO         2455    x$fpl$fadd          fz_ws.l(faddsub_clz.o)
    0x00004eac   0x00000018   Code   RO         2490    x$fpl$fcmpinf       fz_ws.l(fcmpi.o)
    0x00004ec4   0x00000184   Code   RO         2462    x$fpl$fdiv          fz_ws.l(fdiv.o)
    0x00005048   0x00000036   Code   RO         2465    x$fpl$ffix          fz_ws.l(ffix.o)
    0x0000507e   0x00000002   PAD
    0x00005080   0x00000030   Code   RO         2470    x$fpl$fflt          fz_ws.l(fflt_clz.o)
    0x000050b0   0x00000068   Code   RO         2475    x$fpl$fleqf         fz_ws.l(fleqf.o)
    0x00005118   0x00000102   Code   RO         2477    x$fpl$fmul          fz_ws.l(fmul.o)
    0x0000521a   0x0000008c   Code   RO         2492    x$fpl$fnaninf       fz_ws.l(fnaninf.o)
    0x000052a6   0x0000000a   Code   RO         2494    x$fpl$fretinf       fz_ws.l(fretinf.o)
    0x000052b0   0x00000062   Code   RO         2479    x$fpl$frleqf        fz_ws.l(frleqf.o)
    0x00005312   0x00000014   Code   RO         2456    x$fpl$frsb          fz_ws.l(faddsub_clz.o)
    0x00005326   0x00000002   PAD
    0x00005328   0x000000ea   Code   RO         2457    x$fpl$fsub          fz_ws.l(faddsub_clz.o)
    0x00005412   0x00000000   Code   RO         2496    x$fpl$usenofp       fz_ws.l(usenofp.o)
    0x00005412   0x00000002   PAD
    0x00005414   0x00000022   Data   RO           80    .constdata          adc.o
    0x00005436   0x00000002   PAD
    0x00005438   0x0000003f   Data   RO          308    .constdata          ftm.o
    0x00005477   0x00000001   PAD
    0x00005478   0x00000041   Data   RO          455    .constdata          gpio.o
    0x000054b9   0x00000004   Data   RO          715    .constdata          pit.o
    0x000054bd   0x00000003   PAD
    0x000054c0   0x00000084   Data   RO          879    .constdata          uart.o
    0x00005544   0x0000000a   Data   RO         1054    .constdata          dac.o
    0x0000554e   0x00000002   PAD
    0x00005550   0x00000011   Data   RO          880    .conststring        uart.o
    0x00005561   0x00000003   PAD
    0x00005564   0x00000020   Data   RO         2651    Region$$Table       anon$$obj.o


    Execution Region RW_IRAM1 (Base: 0x20000000, Size: 0x00004ac8, Max: 0x00010000, ABSOLUTE)

    Base Addr    Size         Type   Attr      Idx    E Section Name        Object

    0x20000000   0x00000004   Data   RW            5    .data               system_mk60d10.o
    0x20000004   0x00000008   Data   RW           81    .data               adc.o
    0x2000000c   0x00000004   Data   RW          716    .data               pit.o
    0x20000010   0x00000011   Data   RW          881    .data               uart.o
    0x20000021   0x00000003   PAD
    0x20000024   0x00000008   Data   RW         1055    .data               dac.o
    0x2000002c   0x00000004   Data   RW         1431    .data               lptmr.o
    0x20000030   0x00000018   Data   RW         1774    .data               imgproc.o
    0x20000048   0x00000021   Data   RW         1852    .data               mainproc.o
    0x20000069   0x00000003   PAD
    0x2000006c   0x00000012   Data   RW         1947    .data               patternmatch.o
    0x2000007e   0x00000002   PAD
    0x20000080   0x0000003c   Data   RW         2057    .data               angle.o
    0x200000bc   0x00000008   Data   RW         2094    .data               collectdata.o
    0x200000c4   0x00000018   Data   RW         2133    .data               direction.o
    0x200000dc   0x00000020   Data   RW         2177    .data               velocity.o
    0x200000fc   0x00000012   Data   RW         2298    .data               oledbase.o
    0x2000010e   0x00000002   PAD
    0x20000110   0x0000000c   Zero   RW          307    .bss                ftm.o
    0x2000011c   0x00000014   Zero   RW          454    .bss                gpio.o
    0x20000130   0x00000010   Zero   RW          714    .bss                pit.o
    0x20000140   0x00000030   Zero   RW          878    .bss                uart.o
    0x20000170   0x00000040   Zero   RW         1171    .bss                dma.o
    0x200001b0   0x000030a8   Zero   RW         1773    .bss                imgproc.o
    0x20003258   0x00000010   Zero   RW         2176    .bss                velocity.o
    0x20003268   0x00000400   Zero   RW         2297    .bss                oledbase.o
    0x20003668   0x00000060   Zero   RW         2525    .bss                c_w.l(libspace.o)
    0x200036c8   0x00000400   Zero   RW           56    HEAP                startup_mk60d10.o
    0x20003ac8   0x00001000   Zero   RW           55    STACK               startup_mk60d10.o


==============================================================================

Image component sizes


      Code (inc. data)   RO Data    RW Data    ZI Data      Debug   Object Name

      1314         54         34          8          0     237842   adc.o
      1004        118          0         60          0       2432   angle.o
       312         20          0          0          0       2492   bordersearchrelative.o
       252         48          0          8          0       2427   collectdata.o
       272         32          0          0          0       3933   common.o
       152         10         10          8          0       3252   dac.o
        16          0          0          0          0        419   datacomm.o
       508         50          0         24          0       2647   direction.o
       200         10          0          0         64      11314   dma.o
        92          0          0          0          0       2591   encoder.o
      3000        106         63          0         12      34443   ftm.o
      1258        118         65          0         20       9441   gpio.o
       616        104          0         24      12456       4307   imgproc.o
        36          8          0          4          0       2005   lptmr.o
        20          6          0          0          0        415   main.o
       654        100          0         33          0      25959   mainproc.o
       468         16          0          0          0       1095   mathpropertiesanalyze.o
       220         20          0          0          0       1083   motor.o
       134          6          0          0          0       1762   oled.o
      1034         86          0         18       1024       7155   oledbase.o
      2560        164          0         18          0      11864   patternmatch.o
       388         56          4          4         16       5687   pit.o
        80         42       1024          0       5120       1044   startup_mk60d10.o
       560         48          0          4          0       6139   system_mk60d10.o
      1212         42        149         17         48      10157   uart.o
       684         86          0         32         16       4112   velocity.o

    ----------------------------------------------------------------------
     17068       1350       1392        272      18776     396017   Object Totals
         0          0         32          0          0          0   (incl. Generated)
        22          0         11         10          0          0   (incl. Padding)

    ----------------------------------------------------------------------

      Code (inc. data)   RO Data    RW Data    ZI Data      Debug   Library Member Name

         8          0          0          0          0         68   __main.o
         0          0          0          0          0          0   __rtentry.o
        12          0          0          0          0          0   __rtentry2.o
         6          0          0          0          0          0   __rtentry4.o
        52          8          0          0          0          0   __scatter.o
        26          0          0          0          0          0   __scatter_copy.o
        28          0          0          0          0          0   __scatter_zi.o
        18          0          0          0          0         80   exit.o
         6          0          0          0          0        152   heapauxi.o
         0          0          0          0          0          0   indicate_semi.o
         2          0          0          0          0          0   libinit.o
         2          0          0          0          0          0   libinit2.o
         2          0          0          0          0          0   libshutdown.o
         2          0          0          0          0          0   libshutdown2.o
         8          4          0          0         96         68   libspace.o
         2          0          0          0          0          0   rtexit.o
        10          0          0          0          0          0   rtexit2.o
        12          4          0          0          0         68   sys_exit.o
        74          0          0          0          0         80   sys_stackheap_outer.o
         2          0          0          0          0         68   use_no_semi.o
        98          4          0          0          0         92   d2f.o
       826         16          0          0          0        348   daddsub_clz.o
        46          0          0          0          0         68   dflt_clz.o
       340         12          0          0          0        104   dmul.o
       156          4          0          0          0         92   dnaninf.o
        12          0          0          0          0         68   dretinf.o
        86          4          0          0          0         84   f2d.o
       450          8          0          0          0        236   faddsub_clz.o
        24          0          0          0          0         68   fcmpi.o
       388         76          0          0          0         96   fdiv.o
        54          4          0          0          0         84   ffix.o
        48          0          0          0          0         68   fflt_clz.o
       104          4          0          0          0         84   fleqf.o
       258          4          0          0          0         84   fmul.o
       140          4          0          0          0         84   fnaninf.o
        10          0          0          0          0         68   fretinf.o
        98          0          0          0          0         68   frleqf.o
         0          0          0          0          0          0   usenofp.o

    ----------------------------------------------------------------------
      3432        156          0          0         96       2380   Library Totals
        22          0          0          0          0          0   (incl. Padding)

    ----------------------------------------------------------------------

      Code (inc. data)   RO Data    RW Data    ZI Data      Debug   Library Name

       272         16          0          0         96        584   c_w.l
      3138        140          0          0          0       1796   fz_ws.l

    ----------------------------------------------------------------------
      3432        156          0          0         96       2380   Library Totals

    ----------------------------------------------------------------------

==============================================================================


      Code (inc. data)   RO Data    RW Data    ZI Data      Debug   

     20500       1506       1392        272      18872     388929   Grand Totals
     20500       1506       1392        272      18872     388929   ELF Image Totals
     20500       1506       1392        272          0          0   ROM Totals

==============================================================================

    Total RO  Size (Code + RO Data)                21892 (  21.38kB)
    Total RW  Size (RW Data + ZI Data)             19144 (  18.70kB)
    Total ROM Size (Code + RO Data + RW Data)      22164 (  21.64kB)

==============================================================================

